2026-06-16 19:27:04.695 19756-19756 HwForceDarkManager      com.exammaster                       I  isAppInDarkMode isResUiModeYes: true
2026-06-16 19:27:04.702 19756-19756 HwForceDarkManager      com.exammaster                       I  isAppInDarkMode isResUiModeYes: true
2026-06-16 19:27:04.710 19756-19756 HwForceDarkManager      com.exammaster                       I  isAppInDarkMode isResUiModeYes: true
2026-06-16 19:27:04.718 19756-19756 HwForceDarkManager      com.exammaster                       I  isAppInDarkMode isResUiModeYes: true
2026-06-16 19:27:04.727 19756-19756 HwForceDarkManager      com.exammaster                       I  isAppInDarkMode isResUiModeYes: true
2026-06-16 19:27:04.735 19756-19756 HwForceDarkManager      com.exammaster                       I  isAppInDarkMode isResUiModeYes: true
2026-06-16 19:27:04.743 19756-19756 HwForceDarkManager      com.exammaster                       I  isAppInDarkMode isResUiModeYes: true
2026-06-16 19:27:04.752 19756-19756 HwForceDarkManager      com.exammaster                       I  isAppInDarkMode isResUiModeYes: true
2026-06-16 19:27:04.760 19756-19756 HwForceDarkManager      com.exammaster                       I  isAppInDarkMode isResUiModeYes: true
2026-06-16 19:27:04.768 19756-19756 HwForceDarkManager      com.exammaster                       I  isAppInDarkMode isResUiModeYes: true
2026-06-16 19:27:04.777 19756-19756 HwForceDarkManager      com.exammaster                       I  isAppInDarkMode isResUiModeYes: true
2026-06-16 19:27:04.785 19756-19756 HwForceDarkManager      com.exammaster                       I  isAppInDarkMode isResUiModeYes: true
2026-06-16 19:27:04.793 19756-19756 HwForceDarkManager      com.exammaster                       I  isAppInDarkMode isResUiModeYes: true
2026-06-16 19:27:04.796 19756-19760 com.exammaster          com.exammaster                       W  Missing inline cache for java.lang.Object androidx.compose.runtime.snapshots.SnapshotKt.advanceGlobalSnapshot(kotlin.jvm.functions.Function1)
2026-06-16 19:27:04.802 19756-19756 HwForceDarkManager      com.exammaster                       I  isAppInDarkMode isResUiModeYes: true
2026-06-16 19:27:04.810 19756-19756 HwForceDarkManager      com.exammaster                       I  isAppInDarkMode isResUiModeYes: true
2026-06-16 19:27:04.818 19756-19756 HwForceDarkManager      com.exammaster                       I  isAppInDarkMode isResUiModeYes: true
2026-06-16 19:27:04.827 19756-19756 HwForceDarkManager      com.exammaster                       I  isAppInDarkMode isResUiModeYes: true
2026-06-16 19:27:04.835 19756-19756 HwForceDarkManager      com.exammaster                       I  isAppInDarkMode isResUiModeYes: true
2026-06-16 19:27:04.843 19756-19756 HwForceDarkManager      com.exammaster                       I  isAppInDarkMode isResUiModeYes: true
2026-06-16 19:27:04.852 19756-19756 HwForceDarkManager      com.exammaster                       I  isAppInDarkMode isResUiModeYes: true
2026-06-16 19:27:04.860 19756-19756 HwForceDarkManager      com.exammaster                       I  isAppInDarkMode isResUiModeYes: true
2026-06-16 19:27:04.868 19756-19756 HwForceDarkManager      com.exammaster                       I  isAppInDarkMode isResUiModeYes: true
2026-06-16 19:27:04.877 19756-19756 HwForceDarkManager      com.exammaster                       I  isAppInDarkMode isResUiModeYes: true
2026-06-16 19:27:04.885 19756-19756 HwForceDarkManager      com.exammaster                       I  isAppInDarkMode isResUiModeYes: true
2026-06-16 19:27:04.893 19756-19756 HwForceDarkManager      com.exammaster                       I  isAppInDarkMode isResUiModeYes: true
2026-06-16 19:27:04.902 19756-19756 HwForceDarkManager      com.exammaster                       I  isAppInDarkMode isResUiModeYes: true
2026-06-16 19:27:04.910 19756-19756 HwForceDarkManager      com.exammaster                       I  isAppInDarkMode isResUiModeYes: true
2026-06-16 19:27:04.918 19756-19756 HwForceDarkManager      com.exammaster                       I  isAppInDarkMode isResUiModeYes: true
2026-06-16 19:27:04.926 19756-19756 HwForceDarkManager      com.exammaster                       I  isAppInDarkMode isResUiModeYes: true
2026-06-16 19:27:04.935 19756-19756 HwForceDarkManager      com.exammaster                       I  isAppInDarkMode isResUiModeYes: true
2026-06-16 19:27:04.943 19756-19756 HwForceDarkManager      com.exammaster                       I  isAppInDarkMode isResUiModeYes: true
2026-06-16 19:27:04.951 19756-19756 HwForceDarkManager      com.exammaster                       I  isAppInDarkMode isResUiModeYes: true
2026-06-16 19:27:04.957  3373-4073  SysPgAppThreadManager   system_server                        I  check Fas frame status, key: com.exammaster#0 ,cmdId: 4402
2026-06-16 19:27:04.960 19756-19756 HwForceDarkManager      com.exammaster                       I  isAppInDarkMode isResUiModeYes: true
2026-06-16 19:27:04.968 19756-19756 HwForceDarkManager      com.exammaster                       I  isAppInDarkMode isResUiModeYes: true
2026-06-16 19:27:04.976 19756-19756 HwForceDarkManager      com.exammaster                       I  isAppInDarkMode isResUiModeYes: true
2026-06-16 19:27:05.067  3373-4110  InputDispatcher         system_server                        I  publishMotion chanel = bb97d8d com.exammaster/com.exammaster.MainActivity  MotionEntry = MotionEvent  transform =   [1.0000  0.0000  -0.0000]  [0.0000  1.0000  -0.0000]  [0.0000  0.0000  1.0000]
2026-06-16 19:27:05.068 19756-19756 HiTouch_Pr...reDetector com.exammaster                       I  checkDoublePointerLimit: false
2026-06-16 19:27:05.070  4597-5292  CpuGovernor             com.hihonor.iaware                   D  handleAction: action id=231 time=1781609225070 Flag=1 name=touch_up pkg=bb97d8d com.exammaster/com.exammaster.MainActivity
2026-06-16 19:27:05.161  3373-4110  InputDispatcher         system_server                        I  publishMotion chanel = bb97d8d com.exammaster/com.exammaster.MainActivity  MotionEntry = MotionEvent  transform =   [1.0000  0.0000  -0.0000]  [0.0000  1.0000  -0.0000]  [0.0000  0.0000  1.0000]
2026-06-16 19:27:05.162  4597-5292  CpuGovernor             com.hihonor.iaware                   D  handleAction: action id=232 time=1781609225162 Flag=2 name=touch_down pkg=bb97d8d com.exammaster/com.exammaster.MainActivity
2026-06-16 19:27:05.188 19756-19756 HwForceDarkManager      com.exammaster                       I  isAppInDarkMode isResUiModeYes: true
2026-06-16 19:27:05.234 19756-19760 com.exammaster          com.exammaster                       W  Missing inline cache for void androidx.compose.ui.node.NodeKindKt.autoInvalidateNodeSelf(androidx.compose.ui.Modifier$Node, int, int)
2026-06-16 19:27:05.266 19756-19756 HwForceDarkManager      com.exammaster                       I  isAppInDarkMode isResUiModeYes: true
2026-06-16 19:27:05.374 21611-30785 AWARENESS_TimedAppFence com.hihonor.awareness                D  reach interval : 5000 for com.exammaster to trigger
2026-06-16 19:27:05.385 20908-4163  Brain_Hype...tUseRecall com.hihonor.brain                    I  hyperHoldRecentUseRecall is 24, {com.exammaster0=0.22, com.hihonor.android.launcher0=0.219, com.android.packageinstaller0=0.168, com.hihonor.android.honorsuite0=0.166, com.android.systemui0=0.165, com.android.settings0=0.163, com.hihonor.appmarket0=0.16, com.hihonor.trustspace0=0.144, tv.danmaku.bili0=0.144, com.deepseek.chat0=0.142, com.larus.nova0=0.134, com.tencent.mobileqq0=0.132, com.sankuai.meituan0=0.066, com.tencent.mm0=0.053, com.jingdong.app.mall0=0.042, com.hihonor.photos0=0.02}
2026-06-16 19:27:05.551 20908-4163  Brain_HyperHoldBusiness com.hihonor.brain                    I  merge recall is 85, [tv.danmaku.bili0, com.tencent.mobileqq0, com.android.settings0, com.exammaster0, com.hihonor.android.launcher0, com.larus.nova0, com.hihonor.appmarket0, com.deepseek.chat0, com.tencent.mm0, com.android.packageinstaller0, com.hihonor.android.honorsuite0, com.android.systemui0, com.hihonor.trustspace0, com.sankuai.meituan0, com.jingdong.app.mall0, com.xingin.xhs0, com.chaoxing.mobile0, com.hihonor.photos0, com.tencent.qqmusic0, com.blizzard.wtcg.hearthstone0, com.hihonor.mms0, com.hihonor.deskclock0, com.shanbay.sentence0, mark.via0, com.tencent.qt.qtl0, com.hihonor.android.remotecontroller0, com.hihonor.baidu.browser0, com.hihonor.devicemanager0, com.hihonor.android.totemweather0, com.tencent.wework0, com.android.chrome0, com.eg.android.AlipayGphone0, com.taobao.taobao0, com.android.permissioncontroller0, com.newcapec.mobile.ncp0, com.twitter.android0, com.android.vending0, com.hihonor.contacts0, com.ss.android.ugc.aweme0, com.tencent.androidqqmail0, com.hihonor.notepad0, com.instagram.android0, com.hihonor.camera0, com.github.kr328.clash0, com.hihonor.email0, com.hihonor.parentcontrol0, com.hihonor.android.internal.app0, com.yantu.ytvip0, com.gonlan.iplaymtg0, com.quark.browser0, com.tencent.weread0, com.taobao.idlefish0, tuoyan.com.xinghuo_daying0, com.wangc.bill0, com.hihonor.calendar0, com.taptap0, com.hihonor.wallet0, com.MobileTicket0, com.tencent.tmgp.playrix.township.chukong0, com.hihonor.tips0, com.ct.client0, com.google.android.gm0, com.yunzhi.tiyu0, com.google.android.youtube0, com.baidu.BaiduMap0, com.hihonor.calculator0, com.hihonor.vmall0, com.alibaba.android.rimet0, com.hihonor.health0, com.valvesoftware.android.steam.community0, com.hihonor.servicecenter0, com.hihonor.phoneservice0, com.icbc0, com.xunlei.downloadprovider0, com.hihonor.hnofficelauncher0, com.cainiao.wireless0, com.greenpoint.android.mc10086.activity0, com.gotokeep.keep0, com.max.xiaoheihe0, com.netease.gl0, com.hihonor.filemanager0, com.tencent.wemeet.app0, com.xunmeng.pinduoduo0, com.hihonor.android.thememanager0, com.miHoYo.Nap0]
2026-06-16 19:27:05.552 20908-4163  Brain_HyperHoldStrategy com.hihonor.brain                    I  doFilter is 19, [tv.danmaku.bili0, com.tencent.mobileqq0, com.android.settings0, com.exammaster0, com.hihonor.appmarket0, com.deepseek.chat0, com.hihonor.android.honorsuite0, com.hihonor.trustspace0, com.sankuai.meituan0, com.hihonor.photos0, com.hihonor.android.totemweather0, com.taobao.taobao0, com.android.vending0, com.tencent.androidqqmail0, com.hihonor.camera0, com.hihonor.parentcontrol0, com.wangc.bill0, com.hihonor.health0, com.hihonor.android.thememanager0]
2026-06-16 19:27:05.552 20908-4163  Brain_HyperHoldBusiness com.hihonor.brain                    I  filtered result: {total_prob_result=[tv.danmaku.bili0, com.tencent.mobileqq0, com.android.settings0, com.exammaster0, com.hihonor.appmarket0, com.deepseek.chat0, com.hihonor.android.honorsuite0]}, when callback iaware, predictType: total_prob_v2, parameter:{}
2026-06-16 19:27:05.608 19756-19756 AwareBitmapCacher       com.exammaster                       I  init lrucache size: 4194304 pid=19756
2026-06-16 19:27:05.609 19756-19756 Resource                com.exammaster                       V  printErrorResource, maybe not an error because module has entative action to load resource.
2026-06-16 19:27:05.880  3373-4110  InputDispatcher         system_server                        I  publishMotion chanel = bb97d8d com.exammaster/com.exammaster.MainActivity  MotionEntry = MotionEvent  transform =   [1.0000  0.0000  -0.0000]  [0.0000  1.0000  -0.0000]  [0.0000  0.0000  1.0000]
2026-06-16 19:27:05.881 19756-19756 HiTouch_Pr...reDetector com.exammaster                       I  checkDoublePointerLimit: false
2026-06-16 19:27:05.883  4597-5292  CpuGovernor             com.hihonor.iaware                   D  handleAction: action id=231 time=1781609225882 Flag=1 name=touch_up pkg=bb97d8d com.exammaster/com.exammaster.MainActivity
2026-06-16 19:27:05.965  3373-4110  InputDispatcher         system_server                        I  publishMotion chanel = bb97d8d com.exammaster/com.exammaster.MainActivity  MotionEntry = MotionEvent  transform =   [1.0000  0.0000  -0.0000]  [0.0000  1.0000  -0.0000]  [0.0000  0.0000  1.0000]
2026-06-16 19:27:05.966  4597-5292  CpuGovernor             com.hihonor.iaware                   D  handleAction: action id=232 time=1781609225965 Flag=2 name=touch_down pkg=bb97d8d com.exammaster/com.exammaster.MainActivity
2026-06-16 19:27:05.994 19756-19756 HwForceDarkManager      com.exammaster                       I  isAppInDarkMode isResUiModeYes: true
2026-06-16 19:27:06.068 19756-19756 HwForceDarkManager      com.exammaster                       I  isAppInDarkMode isResUiModeYes: true
2026-06-16 19:27:06.437 19756-19868 ProfileInstaller        com.exammaster                       D  Installing profile for com.exammaster
2026-06-16 19:27:06.566  3373-4110  InputDispatcher         system_server                        I  publishMotion chanel = bb97d8d com.exammaster/com.exammaster.MainActivity  MotionEntry = MotionEvent  transform =   [1.0000  0.0000  -0.0000]  [0.0000  1.0000  -0.0000]  [0.0000  0.0000  1.0000]
2026-06-16 19:27:06.566 19756-19756 HiTouch_Pr...reDetector com.exammaster                       I  checkDoublePointerLimit: false
2026-06-16 19:27:06.568  4597-5292  CpuGovernor             com.hihonor.iaware                   D  handleAction: action id=231 time=1781609226567 Flag=1 name=touch_up pkg=bb97d8d com.exammaster/com.exammaster.MainActivity
2026-06-16 19:27:06.636  3373-4110  InputDispatcher         system_server                        I  publishMotion chanel = bb97d8d com.exammaster/com.exammaster.MainActivity  MotionEntry = MotionEvent  transform =   [1.0000  0.0000  -0.0000]  [0.0000  1.0000  -0.0000]  [0.0000  0.0000  1.0000]
2026-06-16 19:27:06.637  4597-5292  CpuGovernor             com.hihonor.iaware                   D  handleAction: action id=232 time=1781609226637 Flag=2 name=touch_down pkg=bb97d8d com.exammaster/com.exammaster.MainActivity
2026-06-16 19:27:06.677 19756-19756 HwForceDarkManager      com.exammaster                       I  isAppInDarkMode isResUiModeYes: true
2026-06-16 19:27:06.690 19756-19756 HwForceDarkManager      com.exammaster                       I  isAppInDarkMode isResUiModeYes: true
2026-06-16 19:27:06.696 19756-19756 HwForceDarkManager      com.exammaster                       I  isAppInDarkMode isResUiModeYes: true
2026-06-16 19:27:06.705 19756-19756 HwForceDarkManager      com.exammaster                       I  isAppInDarkMode isResUiModeYes: true
2026-06-16 19:27:06.713 19756-19756 HwForceDarkManager      com.exammaster                       I  isAppInDarkMode isResUiModeYes: true
2026-06-16 19:27:06.722 19756-19756 HwForceDarkManager      com.exammaster                       I  isAppInDarkMode isResUiModeYes: true
2026-06-16 19:27:06.730 19756-19756 HwForceDarkManager      com.exammaster                       I  isAppInDarkMode isResUiModeYes: true
2026-06-16 19:27:06.738 19756-19756 HwForceDarkManager      com.exammaster                       I  isAppInDarkMode isResUiModeYes: true
2026-06-16 19:27:06.747 19756-19756 HwForceDarkManager      com.exammaster                       I  isAppInDarkMode isResUiModeYes: true
2026-06-16 19:27:06.755 19756-19756 HwForceDarkManager      com.exammaster                       I  isAppInDarkMode isResUiModeYes: true
2026-06-16 19:27:06.763 19756-19756 HwForceDarkManager      com.exammaster                       I  isAppInDarkMode isResUiModeYes: true
2026-06-16 19:27:06.772 19756-19756 HwForceDarkManager      com.exammaster                       I  isAppInDarkMode isResUiModeYes: true
2026-06-16 19:27:06.780 19756-19756 HwForceDarkManager      com.exammaster                       I  isAppInDarkMode isResUiModeYes: true
2026-06-16 19:27:06.788 19756-19756 HwForceDarkManager      com.exammaster                       I  isAppInDarkMode isResUiModeYes: true
2026-06-16 19:27:07.113 19756-19756 HwForceDarkManager      com.exammaster                       I  isAppInDarkMode isResUiModeYes: true
2026-06-16 19:27:07.263  3373-4110  InputDispatcher         system_server                        I  publishMotion chanel = bb97d8d com.exammaster/com.exammaster.MainActivity  MotionEntry = MotionEvent  transform =   [1.0000  0.0000  -0.0000]  [0.0000  1.0000  -0.0000]  [0.0000  0.0000  1.0000]
2026-06-16 19:27:07.264 19756-19756 HiTouch_Pr...reDetector com.exammaster                       I  checkDoublePointerLimit: false
2026-06-16 19:27:07.267  4597-5292  CpuGovernor             com.hihonor.iaware                   D  handleAction: action id=231 time=1781609227267 Flag=1 name=touch_up pkg=bb97d8d com.exammaster/com.exammaster.MainActivity
2026-06-16 19:27:07.342  3373-4110  InputDispatcher         system_server                        I  publishMotion chanel = bb97d8d com.exammaster/com.exammaster.MainActivity  MotionEntry = MotionEvent  transform =   [1.0000  0.0000  -0.0000]  [0.0000  1.0000  -0.0000]  [0.0000  0.0000  1.0000]
2026-06-16 19:27:07.343  4597-5292  CpuGovernor             com.hihonor.iaware                   D  handleAction: action id=232 time=1781609227342 Flag=2 name=touch_down pkg=bb97d8d com.exammaster/com.exammaster.MainActivity
2026-06-16 19:27:07.367 19756-19756 HwForceDarkManager      com.exammaster                       I  isAppInDarkMode isResUiModeYes: true
2026-06-16 19:27:07.413 19756-19756 HwForceDarkManager      com.exammaster                       I  isAppInDarkMode isResUiModeYes: true
2026-06-16 19:27:08.079  4597-5292  CpuGovernor             com.hihonor.iaware                   D  handleAction: action id=537 time=1781609228078 Flag=3 name=frame_status pkg=com.exammaster#4402
2026-06-16 19:27:08.079  4597-5292  BoostCtrlManager        com.hihonor.iaware                   D  receive FAS check res, type: 1 ,pkg: com.exammaster ,cmdId: 4402, fg pkg: com.exammaster
2026-06-16 19:27:08.501  2192-2414  RenderEngine            surfaceflinger                       D  [com.exammaster/com.exammaster.MainActivity#70123] set isRequiresLinearEffect false when dimming ratio equals 1.
2026-06-16 19:27:10.412  2192-2192  VariableRe...ateHandler surfaceflinger                       I  setCurrentSignals: layerName com.exammaster/com.exammaster.MainActivity#70123, type ExplicitCategory, desiredRefreshRate 0.00
2026-06-16 19:27:11.427  2192-2192  VariableRe...ateHandler surfaceflinger                       I  setCurrentSignals: layerName com.exammaster/com.exammaster.MainActivity#70123, type ExplicitCategory, desiredRefreshRate 0.00
2026-06-16 19:27:12.424  2192-2192  VariableRe...ateHandler surfaceflinger                       I  setCurrentSignals: layerName com.exammaster/com.exammaster.MainActivity#70123, type ExplicitCategory, desiredRefreshRate 0.00
2026-06-16 19:27:13.424  2192-2192  VariableRe...ateHandler surfaceflinger                       I  setCurrentSignals: layerName com.exammaster/com.exammaster.MainActivity#70123, type ExplicitCategory, desiredRefreshRate 0.00
2026-06-16 19:27:13.506  2192-2414  RenderEngine            surfaceflinger                       D  [com.exammaster/com.exammaster.MainActivity#70123] set isRequiresLinearEffect false when dimming ratio equals 1.
2026-06-16 19:27:15.155  4550-4895  NetworkQoeChr           com.hihonor.systemserver             I  handleQoeTraceChange BAD reason 16 pkg com.exammaster
2026-06-16 19:27:15.156  4550-4895  NetworkQoeChr           com.hihonor.systemserver             I  sendQoeTraceToChr pkg com.exammaster,11722,pre GOOD,cur BAD,reason 16,remark 
2026-06-16 19:27:15.441  2192-2192  VariableRe...ateHandler surfaceflinger                       I  setCurrentSignals: layerName com.exammaster/com.exammaster.MainActivity#70123, type ExplicitCategory, desiredRefreshRate 0.00
2026-06-16 19:27:16.441  2192-2192  VariableRe...ateHandler surfaceflinger                       I  setCurrentSignals: layerName com.exammaster/com.exammaster.MainActivity#70123, type ExplicitCategory, desiredRefreshRate 0.00
2026-06-16 19:27:18.118  3373-4110  InputDispatcher         system_server                        I  publishMotion chanel = bb97d8d com.exammaster/com.exammaster.MainActivity  MotionEntry = MotionEvent  transform =   [1.0000  0.0000  -0.0000]  [0.0000  1.0000  -0.0000]  [0.0000  0.0000  1.0000]
2026-06-16 19:27:18.120 19756-19756 HiTouch_Pr...reDetector com.exammaster                       I  checkDoublePointerLimit: false
2026-06-16 19:27:18.121  4597-5292  CpuGovernor             com.hihonor.iaware                   D  handleAction: action id=231 time=1781609238120 Flag=1 name=touch_up pkg=bb97d8d com.exammaster/com.exammaster.MainActivity
2026-06-16 19:27:18.200  3373-4110  InputDispatcher         system_server                        I  publishMotion chanel = bb97d8d com.exammaster/com.exammaster.MainActivity  MotionEntry = MotionEvent  transform =   [1.0000  0.0000  -0.0000]  [0.0000  1.0000  -0.0000]  [0.0000  0.0000  1.0000]
2026-06-16 19:27:18.201  4597-5292  CpuGovernor             com.hihonor.iaware                   D  handleAction: action id=232 time=1781609238200 Flag=2 name=touch_down pkg=bb97d8d com.exammaster/com.exammaster.MainActivity
2026-06-16 19:27:18.209 19756-19761 [Smart Gc]              com.exammaster                       I  heap expand: 67108864
2026-06-16 19:27:18.323  3373-4110  InputDispatcher         system_server                        I  publishMotion chanel = bb97d8d com.exammaster/com.exammaster.MainActivity  MotionEntry = MotionEvent  transform =   [1.0000  0.0000  -0.0000]  [0.0000  1.0000  -0.0000]  [0.0000  0.0000  1.0000]
2026-06-16 19:27:18.325 19756-19756 HiTouch_Pr...reDetector com.exammaster                       I  checkDoublePointerLimit: false
2026-06-16 19:27:18.326  4597-5292  CpuGovernor             com.hihonor.iaware                   D  handleAction: action id=231 time=1781609238325 Flag=1 name=touch_up pkg=bb97d8d com.exammaster/com.exammaster.MainActivity
2026-06-16 19:27:18.381 19756-19756 InputEventReceiver      com.exammaster                       W  channel 'bb97d8d com.exammaster/com.exammaster.MainActivity' ~ not consumeBatches, dispatchBatchedInputEvent
2026-06-16 19:27:18.388  3373-4110  InputDispatcher         system_server                        I  publishMotion chanel = bb97d8d com.exammaster/com.exammaster.MainActivity  MotionEntry = MotionEvent  transform =   [1.0000  0.0000  -0.0000]  [0.0000  1.0000  -0.0000]  [0.0000  0.0000  1.0000]
2026-06-16 19:27:18.389  4597-5292  CpuGovernor             com.hihonor.iaware                   D  handleAction: action id=232 time=1781609238389 Flag=2 name=touch_down pkg=bb97d8d com.exammaster/com.exammaster.MainActivity
2026-06-16 19:27:18.495  2192-2414  RenderEngine            surfaceflinger                       D  [com.exammaster/com.exammaster.MainActivity#70123] set isRequiresLinearEffect false when dimming ratio equals 1.
2026-06-16 19:27:18.547  3373-4110  InputDispatcher         system_server                        I  publishMotion chanel = bb97d8d com.exammaster/com.exammaster.MainActivity  MotionEntry = MotionEvent  transform =   [1.0000  0.0000  -0.0000]  [0.0000  1.0000  -0.0000]  [0.0000  0.0000  1.0000]
2026-06-16 19:27:18.547 19756-19756 HiTouch_Pr...reDetector com.exammaster                       I  checkDoublePointerLimit: false
2026-06-16 19:27:18.548  4597-5292  CpuGovernor             com.hihonor.iaware                   D  handleAction: action id=231 time=1781609238548 Flag=1 name=touch_up pkg=bb97d8d com.exammaster/com.exammaster.MainActivity
2026-06-16 19:27:18.619  3373-4110  InputDispatcher         system_server                        I  publishMotion chanel = bb97d8d com.exammaster/com.exammaster.MainActivity  MotionEntry = MotionEvent  transform =   [1.0000  0.0000  -0.0000]  [0.0000  1.0000  -0.0000]  [0.0000  0.0000  1.0000]
2026-06-16 19:27:18.620  4597-5292  CpuGovernor             com.hihonor.iaware                   D  handleAction: action id=232 time=1781609238620 Flag=2 name=touch_down pkg=bb97d8d com.exammaster/com.exammaster.MainActivity
2026-06-16 19:27:18.747  3373-4110  InputDispatcher         system_server                        I  publishMotion chanel = bb97d8d com.exammaster/com.exammaster.MainActivity  MotionEntry = MotionEvent  transform =   [1.0000  0.0000  -0.0000]  [0.0000  1.0000  -0.0000]  [0.0000  0.0000  1.0000]
2026-06-16 19:27:18.747 19756-19756 HiTouch_Pr...reDetector com.exammaster                       I  checkDoublePointerLimit: false
2026-06-16 19:27:18.749  4597-5292  CpuGovernor             com.hihonor.iaware                   D  handleAction: action id=231 time=1781609238749 Flag=1 name=touch_up pkg=bb97d8d com.exammaster/com.exammaster.MainActivity
2026-06-16 19:27:18.806  3373-4110  InputDispatcher         system_server                        I  publishMotion chanel = bb97d8d com.exammaster/com.exammaster.MainActivity  MotionEntry = MotionEvent  transform =   [1.0000  0.0000  -0.0000]  [0.0000  1.0000  -0.0000]  [0.0000  0.0000  1.0000]
2026-06-16 19:27:18.807  4597-5292  CpuGovernor             com.hihonor.iaware                   D  handleAction: action id=232 time=1781609238806 Flag=2 name=touch_down pkg=bb97d8d com.exammaster/com.exammaster.MainActivity
2026-06-16 19:27:18.958  3373-4110  InputDispatcher         system_server                        I  publishMotion chanel = bb97d8d com.exammaster/com.exammaster.MainActivity  MotionEntry = MotionEvent  transform =   [1.0000  0.0000  -0.0000]  [0.0000  1.0000  -0.0000]  [0.0000  0.0000  1.0000]
2026-06-16 19:27:18.959 19756-19756 HiTouch_Pr...reDetector com.exammaster                       I  checkDoublePointerLimit: false
2026-06-16 19:27:18.961  4597-5292  CpuGovernor             com.hihonor.iaware                   D  handleAction: action id=231 time=1781609238961 Flag=1 name=touch_up pkg=bb97d8d com.exammaster/com.exammaster.MainActivity
2026-06-16 19:27:19.024  3373-4110  InputDispatcher         system_server                        I  publishMotion chanel = bb97d8d com.exammaster/com.exammaster.MainActivity  MotionEntry = MotionEvent  transform =   [1.0000  0.0000  -0.0000]  [0.0000  1.0000  -0.0000]  [0.0000  0.0000  1.0000]
2026-06-16 19:27:19.025  4597-5292  CpuGovernor             com.hihonor.iaware                   D  handleAction: action id=232 time=1781609239024 Flag=2 name=touch_down pkg=bb97d8d com.exammaster/com.exammaster.MainActivity
2026-06-16 19:27:22.449  2192-2192  VariableRe...ateHandler surfaceflinger                       I  setCurrentSignals: layerName com.exammaster/com.exammaster.MainActivity#70123, type ExplicitCategory, desiredRefreshRate 0.00
2026-06-16 19:27:23.448  2192-2192  VariableRe...ateHandler surfaceflinger                       I  setCurrentSignals: layerName com.exammaster/com.exammaster.MainActivity#70123, type ExplicitCategory, desiredRefreshRate 0.00
2026-06-16 19:27:23.499  2192-2414  RenderEngine            surfaceflinger                       D  [com.exammaster/com.exammaster.MainActivity#70123] set isRequiresLinearEffect false when dimming ratio equals 1.
2026-06-16 19:27:23.915  4550-4895  NetworkQoeChr           com.hihonor.systemserver             I  handleQoeTraceChange GOOD reason 0 pkg com.exammaster
2026-06-16 19:27:23.916  4550-4895  NetworkQoeChr           com.hihonor.systemserver             I  sendQoeTraceToChr pkg com.exammaster,8761,pre BAD,cur GOOD,reason 0,remark 
2026-06-16 19:27:26.465  2192-2192  VariableRe...ateHandler surfaceflinger                       I  setCurrentSignals: layerName com.exammaster/com.exammaster.MainActivity#70123, type ExplicitCategory, desiredRefreshRate 0.00
2026-06-16 19:27:28.465  2192-2192  VariableRe...ateHandler surfaceflinger                       I  setCurrentSignals: layerName com.exammaster/com.exammaster.MainActivity#70123, type ExplicitCategory, desiredRefreshRate 0.00
2026-06-16 19:27:28.508  2192-2414  RenderEngine            surfaceflinger                       D  [com.exammaster/com.exammaster.MainActivity#70123] set isRequiresLinearEffect false when dimming ratio equals 1.
2026-06-16 19:27:33.505  2192-2414  RenderEngine            surfaceflinger                       D  [com.exammaster/com.exammaster.MainActivity#70123] set isRequiresLinearEffect false when dimming ratio equals 1.
2026-06-16 19:27:36.482  2192-2192  VariableRe...ateHandler surfaceflinger                       I  setCurrentSignals: layerName com.exammaster/com.exammaster.MainActivity#70123, type ExplicitCategory, desiredRefreshRate 0.00
2026-06-16 19:27:37.482  2192-2192  VariableRe...ateHandler surfaceflinger                       I  setCurrentSignals: layerName com.exammaster/com.exammaster.MainActivity#70123, type ExplicitCategory, desiredRefreshRate 0.00
2026-06-16 19:27:38.482  2192-2192  VariableRe...ateHandler surfaceflinger                       I  setCurrentSignals: layerName com.exammaster/com.exammaster.MainActivity#70123, type ExplicitCategory, desiredRefreshRate 0.00
2026-06-16 19:27:38.497  2192-2414  RenderEngine            surfaceflinger                       D  [com.exammaster/com.exammaster.MainActivity#70123] set isRequiresLinearEffect false when dimming ratio equals 1.
2026-06-16 19:27:38.899  2192-2192  VariableRe...ateHandler surfaceflinger                       I  setCurrentSignals: layerName com.exammaster/com.exammaster.MainActivity#70123, type ExplicitCategory, desiredRefreshRate 0.00
2026-06-16 19:27:38.915  2192-2192  VariableRe...ateHandler surfaceflinger                       I  setCurrentSignals: layerName com.exammaster/com.exammaster.MainActivity#70123, type ExplicitCategory, desiredRefreshRate 0.00
2026-06-16 19:27:40.493  2192-2192  VariableRe...ateHandler surfaceflinger                       I  setCurrentSignals: layerName com.exammaster/com.exammaster.MainActivity#70123, type ExplicitCategory, desiredRefreshRate 0.00
2026-06-16 19:27:42.505  2192-2192  VariableRe...ateHandler surfaceflinger                       I  setCurrentSignals: layerName com.exammaster/com.exammaster.MainActivity#70123, type ExplicitCategory, desiredRefreshRate 0.00
2026-06-16 19:27:43.502  2192-2192  VariableRe...ateHandler surfaceflinger                       I  setCurrentSignals: layerName com.exammaster/com.exammaster.MainActivity#70123, type ExplicitCategory, desiredRefreshRate 0.00
2026-06-16 19:27:43.509  2192-2414  RenderEngine            surfaceflinger                       D  [com.exammaster/com.exammaster.MainActivity#70123] set isRequiresLinearEffect false when dimming ratio equals 1.
2026-06-16 19:27:45.871  4550-4895  NetworkQoeChr           com.hihonor.systemserver             I  handleQoeTraceChange BAD reason 16 pkg com.exammaster
2026-06-16 19:27:45.872  4550-4895  NetworkQoeChr           com.hihonor.systemserver             I  sendQoeTraceToChr pkg com.exammaster,21956,pre GOOD,cur BAD,reason 16,remark 
2026-06-16 19:27:48.506  2192-2414  RenderEngine            surfaceflinger                       D  [com.exammaster/com.exammaster.MainActivity#70123] set isRequiresLinearEffect false when dimming ratio equals 1.
2026-06-16 19:27:48.522  2192-2192  VariableRe...ateHandler surfaceflinger                       I  setCurrentSignals: layerName com.exammaster/com.exammaster.MainActivity#70123, type ExplicitCategory, desiredRefreshRate 0.00
2026-06-16 19:27:49.520  2192-2192  VariableRe...ateHandler surfaceflinger                       I  setCurrentSignals: layerName com.exammaster/com.exammaster.MainActivity#70123, type ExplicitCategory, desiredRefreshRate 0.00
2026-06-16 19:27:51.531  2192-2192  VariableRe...ateHandler surfaceflinger                       I  setCurrentSignals: layerName com.exammaster/com.exammaster.MainActivity#70123, type ExplicitCategory, desiredRefreshRate 0.00
2026-06-16 19:27:52.529  2192-2192  VariableRe...ateHandler surfaceflinger                       I  setCurrentSignals: layerName com.exammaster/com.exammaster.MainActivity#70123, type ExplicitCategory, desiredRefreshRate 0.00
2026-06-16 19:27:53.509  2192-2414  RenderEngine            surfaceflinger                       D  [com.exammaster/com.exammaster.MainActivity#70123] set isRequiresLinearEffect false when dimming ratio equals 1.
2026-06-16 19:27:53.611  4550-4895  NetworkQoeChr           com.hihonor.systemserver             I  handleQoeTraceChange GOOD reason 0 pkg com.exammaster
2026-06-16 19:27:53.611  4550-4895  NetworkQoeChr           com.hihonor.systemserver             I  sendQoeTraceToChr pkg com.exammaster,7739,pre BAD,cur GOOD,reason 0,remark 
