2026-06-16 19:27:00.421 19756-19756 com.exammaster          com.exammaster                       W  Redefining intrinsic method java.lang.Thread java.lang.Thread.currentThread(). This may cause the unexpected use of the original definition of java.lang.Thread java.lang.Thread.currentThread()in methods that have already been compiled.
2026-06-16 19:27:00.421 19756-19756 com.exammaster          com.exammaster                       W  Redefining intrinsic method boolean java.lang.Thread.interrupted(). This may cause the unexpected use of the original definition of boolean java.lang.Thread.interrupted()in methods that have already been compiled.
2026-06-16 19:27:00.423 19756-19756 CompatChangeReporter    com.exammaster                       D  Compat change id reported: 242716250; UID 10335; state: ENABLED
2026-06-16 19:27:00.423 19756-19756 Typeface                com.exammaster                       I  setSystemFontMap SharedMemory
2026-06-16 19:27:00.423  3373-5091  IHwWindowManager        system_server                        E  check permission error, current package is com.exammaster , it is not systemApp, callers is com.hihonor.android.view.IHwWindowManager$Stub.onTransact:1615 android.os.Binder.execTransactInternal:1459 android.os.Binder.execTransact:1401 <bottom of call stack> <bottom of call stack> <bottom of call stack> <bottom of call stack> <bottom of call stack> <bottom of call stack> <bottom of call stack> 
2026-06-16 19:27:00.423 19756-19767 ActivityThread          com.exammaster                       I  Init compatible state: true
2026-06-16 19:27:00.423 19756-19756 Typeface                com.exammaster                       I  setSystemFontMap Typaface
2026-06-16 19:27:00.425  2192-2414  RenderEngine            surfaceflinger                       D  [Splash Screen com.exammaster#70117] set isRequiresLinearEffect false when dimming ratio equals 1.
2026-06-16 19:27:00.425 19756-19756 ResourcesManager        com.exammaster                       I  applyConfigurationToResources: smallestScreenWidthDp = 359mMaxBounds = Rect(0, 0 - 1256, 2760)
2026-06-16 19:27:00.427 19756-19756 com.exammaster          com.exammaster                       W  type=1400 audit(0.0:403723): avc:  denied  { read } for  name="mlr" dev="dm-71" ino=401 scontext=u:r:untrusted_app:s0:c79,c257,c512,c768 tcontext=u:object_r:mlr_data_file:s0 tclass=dir permissive=0 app=vendor.qti.iwlan
2026-06-16 19:27:00.434  2192-2414  RenderEngine            surfaceflinger                       D  [Splash Screen com.exammaster#70117] set isRequiresLinearEffect false when dimming ratio equals 1.
2026-06-16 19:27:00.442  2192-2414  RenderEngine            surfaceflinger                       D  [Splash Screen com.exammaster#70117] set isRequiresLinearEffect false when dimming ratio equals 1.
2026-06-16 19:27:00.450  2192-2414  RenderEngine            surfaceflinger                       D  [Splash Screen com.exammaster#70117] set isRequiresLinearEffect false when dimming ratio equals 1.
2026-06-16 19:27:00.459 19756-19760 com.exammaster          com.exammaster                       W  Missing inline cache for android.icu.util.ULocale android.icu.util.ULocale$JDKLocaleHelper.toULocale(java.util.Locale)
2026-06-16 19:27:00.459  2192-2414  RenderEngine            surfaceflinger                       D  [Splash Screen com.exammaster#70117] set isRequiresLinearEffect false when dimming ratio equals 1.
2026-06-16 19:27:00.468  2192-2414  RenderEngine            surfaceflinger                       D  [Splash Screen com.exammaster#70117] set isRequiresLinearEffect false when dimming ratio equals 1.
2026-06-16 19:27:00.476  2192-2414  RenderEngine            surfaceflinger                       D  [Splash Screen com.exammaster#70117] set isRequiresLinearEffect false when dimming ratio equals 1.
2026-06-16 19:27:00.485  2192-2414  RenderEngine            surfaceflinger                       D  [Splash Screen com.exammaster#70117] set isRequiresLinearEffect false when dimming ratio equals 1.
2026-06-16 19:27:00.493  2192-2414  RenderEngine            surfaceflinger                       D  [Splash Screen com.exammaster#70117] set isRequiresLinearEffect false when dimming ratio equals 1.
2026-06-16 19:27:00.502  2192-2414  RenderEngine            surfaceflinger                       D  [Splash Screen com.exammaster#70117] set isRequiresLinearEffect false when dimming ratio equals 1.
2026-06-16 19:27:00.511  2192-2414  RenderEngine            surfaceflinger                       D  [Splash Screen com.exammaster#70117] set isRequiresLinearEffect false when dimming ratio equals 1.
2026-06-16 19:27:00.519  2192-2414  RenderEngine            surfaceflinger                       D  [Splash Screen com.exammaster#70117] set isRequiresLinearEffect false when dimming ratio equals 1.
2026-06-16 19:27:00.528  2192-2414  RenderEngine            surfaceflinger                       D  [Splash Screen com.exammaster#70117] set isRequiresLinearEffect false when dimming ratio equals 1.
2026-06-16 19:27:00.536  2192-2414  RenderEngine            surfaceflinger                       D  [Splash Screen com.exammaster#70117] set isRequiresLinearEffect false when dimming ratio equals 1.
2026-06-16 19:27:00.544  2192-2414  RenderEngine            surfaceflinger                       D  [Splash Screen com.exammaster#70117] set isRequiresLinearEffect false when dimming ratio equals 1.
2026-06-16 19:27:00.553  2192-2414  RenderEngine            surfaceflinger                       D  [Splash Screen com.exammaster#70117] set isRequiresLinearEffect false when dimming ratio equals 1.
2026-06-16 19:27:00.561  2192-2414  RenderEngine            surfaceflinger                       D  [Splash Screen com.exammaster#70117] set isRequiresLinearEffect false when dimming ratio equals 1.
2026-06-16 19:27:00.569  2192-2414  RenderEngine            surfaceflinger                       D  [Splash Screen com.exammaster#70117] set isRequiresLinearEffect false when dimming ratio equals 1.
2026-06-16 19:27:00.570  3373-4073  CollectDataProc         system_server                        I  [activity restore] procUserAction com.exammaster uid 10335 action coldStart isLastKilled:true
2026-06-16 19:27:00.578  2192-2414  RenderEngine            surfaceflinger                       D  [Splash Screen com.exammaster#70117] set isRequiresLinearEffect false when dimming ratio equals 1.
2026-06-16 19:27:00.586  2192-2414  RenderEngine            surfaceflinger                       D  [Splash Screen com.exammaster#70117] set isRequiresLinearEffect false when dimming ratio equals 1.
2026-06-16 19:27:00.594  2192-2414  RenderEngine            surfaceflinger                       D  [Splash Screen com.exammaster#70117] set isRequiresLinearEffect false when dimming ratio equals 1.
2026-06-16 19:27:00.596 19756-19756 nativeloader            com.exammaster                       D  Configuring clns-9 for other apk /data/app/~~5jIedZAkDHvQbFxCbG0EYg==/com.exammaster-JZRMNY2adr7YkrJtXNF4uA==/base.apk. target_sdk_version=34, uses_libraries=, library_path=/data/app/~~5jIedZAkDHvQbFxCbG0EYg==/com.exammaster-JZRMNY2adr7YkrJtXNF4uA==/lib/arm64, permitted_path=/data:/mnt/expand:/data/user/0/com.exammaster
2026-06-16 19:27:00.598 19756-19756 com.exammaster          com.exammaster                       I  AssetManager2(0xb400007765a16d98) locale list changing from [] to [zh-Hans-CN]
2026-06-16 19:27:00.598 19756-19756 com.exammaster          com.exammaster                       I  AssetManager2(0xb400007765a1de18) locale list changing from [] to [zh-Hans-CN]
2026-06-16 19:27:00.599 19756-19756 libc                    com.exammaster                       W  Access denied finding property "ro.debuggable"
2026-06-16 19:27:00.595 19756-19756 com.exammaster          com.exammaster                       W  type=1400 audit(0.0:403724): avc:  denied  { read } for  name="u:object_r:userdebug_or_eng_prop:s0" dev="tmpfs" ino=674 scontext=u:r:untrusted_app:s0:c79,c257,c512,c768 tcontext=u:object_r:userdebug_or_eng_prop:s0 tclass=file permissive=0 app=vendor.qti.iwlan
2026-06-16 19:27:00.599 19756-19756 HwCust                  com.exammaster                       W  CUST VERSION = false, use class = class android.app.HwCustApplicationPackageManagerImpl
2026-06-16 19:27:00.600 19756-19756 GraphicsEnvironment     com.exammaster                       V  Currently set values for:
2026-06-16 19:27:00.600 19756-19756 GraphicsEnvironment     com.exammaster                       V    angle_gl_driver_selection_pkgs=[]
2026-06-16 19:27:00.600 19756-19756 GraphicsEnvironment     com.exammaster                       V    angle_gl_driver_selection_values=[]
2026-06-16 19:27:00.600 19756-19756 GraphicsEnvironment     com.exammaster                       V  com.exammaster is not listed in per-application setting
2026-06-16 19:27:00.600 19756-19756 GraphicsEnvironment     com.exammaster                       V  ANGLE allowlist from config: com.dreamgames.royalmatch com.dts.freefiremax com.dxx.firenow com.gramgames.mergedragons com.ludo.king com.mojang.minecraftpe com.my.defense com.nintendo.zaka com.os.airforce com.playrix.fishdomdd.gplay io.teslatech.callbreak jp.konami.prospia net.peakgames.toonblast
2026-06-16 19:27:00.600 19756-19756 GraphicsEnvironment     com.exammaster                       V  com.exammaster is not listed in ANGLE allowlist or settings, returning default
2026-06-16 19:27:00.600 19756-19756 GraphicsEnvironment     com.exammaster                       V  App is not on the allowlist for updatable production driver.
2026-06-16 19:27:00.601 19756-19756 [Smart Gc]              com.exammaster                       I  process: com.exammaster enalbed: 1
2026-06-16 19:27:00.601 19756-19756 [FusionMemory]          com.exammaster                       I  feature enable! process_name: com.exammaster
2026-06-16 19:27:00.603  2192-2414  RenderEngine            surfaceflinger                       D  [Splash Screen com.exammaster#70117] set isRequiresLinearEffect false when dimming ratio equals 1.
2026-06-16 19:27:00.603 19756-19756 FlutterAnimationAdvance com.exammaster                       W  FlutterAnimationAdvance getInstance()
2026-06-16 19:27:00.606 19756-19756 SystemFonts             com.exammaster                       I  loadHwSystemFonts, isNightMode true, fontWeightScale is 100
2026-06-16 19:27:00.606 19756-19756 HwTypeface              com.exammaster                       I  update default font
2026-06-16 19:27:00.607 19756-19756 HnAE_HnWin...anagerImpl com.exammaster                       W  forbidden enter magic window
2026-06-16 19:27:00.607  3373-5091  HwActivity...rServiceEx system_server                        D  finishPreloaded preloadStatus: 0 app: ProcessRecord{94c511f 19756:com.exammaster/u0a335} uidRec.isPreload: false
2026-06-16 19:27:00.607 19756-19756 ActivityThread          com.exammaster                       I  finishPreloaded preloadStatus 0
2026-06-16 19:27:00.607 19756-19756 RtgSchedIpcFile         com.exammaster                       E  RtgSchedIpcFile xxx failed to open /proc/19756/rtg
2026-06-16 19:27:00.607 19756-19756 RtgSchedIpcFile         com.exammaster                       E  RtgSchedIpcFile xxx success to open /proc/rtg_gki/ioctl.
2026-06-16 19:27:00.607 19756-19756 RmeSchedManager         com.exammaster                       I  init Rme, version is: v1.0
2026-06-16 19:27:00.607 19756-19756 RmeSchedManager         com.exammaster                       I  init Rme, version is: v1.0
2026-06-16 19:27:00.608 19756-19756 RtgSchedEvent           com.exammaster                       I  current pid:19756 AppType:-1
2026-06-16 19:27:00.608 19756-19756 RtgSchedIpcFile         com.exammaster                       D  setCommandByIoctl failed ret:-1, cmdid:22, errno:103
2026-06-16 19:27:00.608  3373-5091  DE J DES                system_server                        I  [effect] activity: com.exammaster/com.exammaster.MainActivity threshold: -1
2026-06-16 19:27:00.608 19756-19756 ActivityThread          com.exammaster                       V  Handling launch of ActivityRecord{883e8dd token=android.os.BinderProxy@3c69d87 {com.exammaster/com.exammaster.MainActivity}}
2026-06-16 19:27:00.606 19756-19790 AwareLog                com.exammaster                       E  AtomicFileUtils: readFileLines file not exist: AtomicFile[/data/user/0/com.exammaster/files/hw_cached_resid.list]
2026-06-16 19:27:00.608 19756-19756 HWUI                    com.exammaster                       I  RenderCache taget:com.exammaster, enableRenderCache: 0
2026-06-16 19:27:00.608 19756-19756 HWUI                    com.exammaster                       I  No RenderCache config, try to find property.
2026-06-16 19:27:00.608 19756-19756 HWUI                    com.exammaster                       I  PrepareTreeOpt: 0, DirtyOpt: 1, VideoPlayOpaqueOpt: 0
2026-06-16 19:27:00.608 19756-19756 HWUI                    com.exammaster                       I  FreedomWindowOpt: 0
2026-06-16 19:27:00.608 19756-19756 libc                    com.exammaster                       W  Access denied finding property "ro.debuggable"
2026-06-16 19:27:00.608 19756-19756 libc                    com.exammaster                       W  Access denied finding property "ro.debuggable"
2026-06-16 19:27:00.607 19756-19756 com.exammaster          com.exammaster                       W  type=1400 audit(0.0:403725): avc:  denied  { read } for  name="u:object_r:userdebug_or_eng_prop:s0" dev="tmpfs" ino=674 scontext=u:r:untrusted_app:s0:c79,c257,c512,c768 tcontext=u:object_r:userdebug_or_eng_prop:s0 tclass=file permissive=0 app=vendor.qti.iwlan
2026-06-16 19:27:00.607 19756-19756 com.exammaster          com.exammaster                       W  type=1400 audit(0.0:403726): avc:  denied  { read } for  name="u:object_r:userdebug_or_eng_prop:s0" dev="tmpfs" ino=674 scontext=u:r:untrusted_app:s0:c79,c257,c512,c768 tcontext=u:object_r:userdebug_or_eng_prop:s0 tclass=file permissive=0 app=vendor.qti.iwlan
2026-06-16 19:27:00.608 19756-19756 HWUI                    com.exammaster                       D  disableOutlineDraw is true
2026-06-16 19:27:00.608 19756-19767 AwareBitmapCacher       com.exammaster                       I  init processName:com.exammaster pid=19756 uid=10335
2026-06-16 19:27:00.607 19756-19756 queued-work-loo         com.exammaster                       W  type=1400 audit(0.0:403727): avc:  denied  { read } for  name="u:object_r:userdebug_or_eng_prop:s0" dev="tmpfs" ino=674 scontext=u:r:untrusted_app:s0:c79,c257,c512,c768 tcontext=u:object_r:userdebug_or_eng_prop:s0 tclass=file permissive=0 app=vendor.qti.iwlan
2026-06-16 19:27:00.609 19756-19767 libc                    com.exammaster                       W  Access denied finding property "ro.debuggable"
2026-06-16 19:27:00.609 19756-19760 com.exammaster          com.exammaster                       W  Missing inline cache for java.lang.String android.os.GraphicsEnvironment.queryAngleChoice(android.content.Context, android.os.Bundle, java.lang.String)
2026-06-16 19:27:00.609 19756-19760 com.exammaster          com.exammaster                       W  Missing inline cache for java.lang.String android.os.GraphicsEnvironment.queryAngleChoice(android.content.Context, android.os.Bundle, java.lang.String)
2026-06-16 19:27:00.609 19756-19760 com.exammaster          com.exammaster                       W  Missing inline cache for int android.os.GraphicsEnvironment.getPackageIndex(java.lang.String, java.util.List)
2026-06-16 19:27:00.610  2608-2645  AwareLog                hwpged                               I  IsSplashThread threadName[19756][com.exammaster]
2026-06-16 19:27:00.611  2192-2414  RenderEngine            surfaceflinger                       D  [Splash Screen com.exammaster#70117] set isRequiresLinearEffect false when dimming ratio equals 1.
2026-06-16 19:27:00.611 19756-19796 DisplayManager          com.exammaster                       I  Choreographer implicitly registered for the refresh rate.
2026-06-16 19:27:00.607 19756-19756 RenderThread            com.exammaster                       W  type=1400 audit(0.0:403728): avc:  denied  { read } for  name="u:object_r:userdebug_or_eng_prop:s0" dev="tmpfs" ino=674 scontext=u:r:untrusted_app:s0:c79,c257,c512,c768 tcontext=u:object_r:userdebug_or_eng_prop:s0 tclass=file permissive=0 app=vendor.qti.iwlan
2026-06-16 19:27:00.612 19756-19796 libc                    com.exammaster                       W  Access denied finding property "ro.debuggable"
2026-06-16 19:27:00.612 19756-19756 com.exammaster          com.exammaster                       I  AssetManager2(0xb400007765a1f0d8) locale list changing from [] to [zh-Hans-CN]
2026-06-16 19:27:00.612 19756-19796 vulkan                  com.exammaster                       D  g_loadGTXAPKLibrary = 1, iGraphics path = /system/app/ugtx/ugtx.apk!/lib/arm64-v8a
2026-06-16 19:27:00.612 19756-19796 iGraphicsLoader         com.exammaster                       I  [~]A_pPipchG_giv{W$pipch$g_giv{$73304<464MF~]
2026-06-16 19:27:00.613 19756-19796 iGraphicsLoader         com.exammaster                       I  [~]44644<4eW$tj>$eig*_|cggcup_v($t>$3;1/2~]
2026-06-16 19:27:00.613 19756-19796 com.exammaster          com.exammaster                       I  HwCustType is 0
2026-06-16 19:27:00.613 19756-19796 com.exammaster          com.exammaster                       E  open file error
2026-06-16 19:27:00.613 19756-19796 com.exammaster          com.exammaster                       I  no cota live update cust policy found
2026-06-16 19:27:00.613 19756-19796 com.exammaster          com.exammaster                       I  GetCfgDirRealPolicyValue: custPolicyDirs: /system/magic/base:/system/magic/china:/system/magic/oversea:/system/magic/china_honor:/system/magic/oversea_honor:/vendor/etc:/odm/etc:/odm/hn_odm/BKQ-AN00:/product_h/etc:/product_h/region_comm/china:/preas/china:/product_h/hn_oem/BKQ-AN00:/preload/BKQ-AN00/all/cn:/cust/global:/cust/def/cn:/version/cust/all/cn:/version/special_cust/BKQ-AN00/all/cn:/cust/cotalite:/cust/ecota
2026-06-16 19:27:00.615 19756-19796 com.exammaster          com.exammaster                       I  HwCustType is 0
2026-06-16 19:27:00.615 19756-19796 com.exammaster          com.exammaster                       E  open file error
2026-06-16 19:27:00.615 19756-19796 com.exammaster          com.exammaster                       I  no cota live update cust policy found
2026-06-16 19:27:00.615 19756-19796 com.exammaster          com.exammaster                       I  GetCfgDirRealPolicyValue: custPolicyDirs: /system/magic/base:/system/magic/china:/system/magic/oversea:/system/magic/china_honor:/system/magic/oversea_honor:/vendor/etc:/odm/etc:/odm/hn_odm/BKQ-AN00:/product_h/etc:/product_h/region_comm/china:/preas/china:/product_h/hn_oem/BKQ-AN00:/preload/BKQ-AN00/all/cn:/cust/global:/cust/def/cn:/version/cust/all/cn:/version/special_cust/BKQ-AN00/all/cn:/cust/cotalite:/cust/ecota
2026-06-16 19:27:00.615 19756-19796 iGraphics               com.exammaster                       E  [~]A_pHiechEijbka@ieog_jpBkh_W$Bckh$pi$bkj`$eoup$eijbka$bkh_~]
2026-06-16 19:27:00.615 19756-19796 com.exammaster          com.exammaster                       I  HwCustType is 0
2026-06-16 19:27:00.615 19756-19796 com.exammaster          com.exammaster                       E  open file error
2026-06-16 19:27:00.615 19756-19796 com.exammaster          com.exammaster                       I  no cota live update cust policy found
2026-06-16 19:27:00.615 19756-19796 com.exammaster          com.exammaster                       I  GetCfgDirRealPolicyValue: custPolicyDirs: /system/magic/base:/system/magic/china:/system/magic/oversea:/system/magic/china_honor:/system/magic/oversea_honor:/vendor/etc:/odm/etc:/odm/hn_odm/BKQ-AN00:/product_h/etc:/product_h/region_comm/china:/preas/china:/product_h/hn_oem/BKQ-AN00:/preload/BKQ-AN00/all/cn:/cust/global:/cust/def/cn:/version/cust/all/cn:/version/special_cust/BKQ-AN00/all/cn:/cust/cotalite:/cust/ecota
2026-06-16 19:27:00.615 19756-19796 iGraphics               com.exammaster                       I  [~kjtop$ku$c$uiove_$bkh_~]
2026-06-16 19:27:00.615 19756-19796 iGraphics               com.exammaster                       E  [~]@_ev{tpEijbka\ghW$It_j$bkh_$bckh_`~]
2026-06-16 19:27:00.615 19756-19796 iGraphics               com.exammaster                       W  [~]A_pEhio`Eijbka@ieog_jpBkh_W$It_j$Ehioh`$bkh_$bckh_`~]
2026-06-16 19:27:00.615 19756-19796 iGraphics               com.exammaster                       I  [~El_emEhio`EijbkaR_vukij$aYtv_u_pR_vukij$64$aYehio`R_vukij$4~]
2026-06-16 19:27:00.615 19756-19796 iGraphicsLoader         com.exammaster                       I  [~eig*_|cggcup_v$El_emQlkp_HkupCttJcg_Rchk`$el_em$hiech$kab|YcttYhkup$kuCumRmCtt$3~]
2026-06-16 19:27:00.615 19756-19796 iGraphicsLoader         com.exammaster                       I  [~]44544<4eW$ji$utp$ctt>$eig*_|cggcup_v~]
2026-06-16 19:27:00.615 19756-19756 ashmem                  com.exammaster                       E  Pinning is deprecated since Android Q. Please use trim or other methods.
2026-06-16 19:27:00.616 19756-19756 ActivityThread          com.exammaster                       V  callActivityOnCreate
2026-06-16 19:27:00.617 19756-19799 HnContentR...zerManager com.exammaster                       I  CacheHandlerThread onLooperPrepared, mHandler created
2026-06-16 19:27:00.618  4550-4908  HnContentRegService     com.hihonor.systemserver             D  isPackageEnable packageName com.exammaster
2026-06-16 19:27:00.618  2144-2144  qspmHal                 vendor.qti.qspmhal-service           I  gpuProfName:com.exammaster-gpu - gpu prof_info.path:/data/vendor/gaming/com.exammaster-gpu
2026-06-16 19:27:00.618 19756-19796 AdrenoVK-0              com.exammaster                       I  ===== BEGIN DUMP OF OVERRIDDEN SETTINGS =====
2026-06-16 19:27:00.618 19756-19796 AdrenoVK-0              com.exammaster                       I  ===== END DUMP OF OVERRIDDEN SETTINGS =====
2026-06-16 19:27:00.619  4550-4908  HnContentRegService     com.hihonor.systemserver             I  isPackageEnable: no packageName com.exammaster
2026-06-16 19:27:00.619  4550-4908  HnDragDatabaseHelper    com.hihonor.systemserver             I  getGlobalDragConfig: no config for package com.exammaster
2026-06-16 19:27:00.619  4550-4908  HnContentRegService     com.hihonor.systemserver             I  isGlobalDragEnabled: no global drag config for com.exammaster
2026-06-16 19:27:00.619  2192-2414  RenderEngine            surfaceflinger                       D  [Splash Screen com.exammaster#70117] set isRequiresLinearEffect false when dimming ratio equals 1.
2026-06-16 19:27:00.623 19756-19796 qdgralloc               com.exammaster                       D  Fetching IMapper5 from QtiMapper5
2026-06-16 19:27:00.624 19756-19756 libc                    com.exammaster                       W  Access denied finding property "ro.debuggable"
2026-06-16 19:27:00.624 19756-19756 DesktopModeFlags        com.exammaster                       D  Toggle override initialized to: OVERRIDE_UNSET
2026-06-16 19:27:00.625 19756-19796 SnapAlloc               com.exammaster                       I  Graphics lib is available
2026-06-16 19:27:00.626 19756-19796 AdrenoVK-0              com.exammaster                       I  QUALCOMM build          : e59e6e2832, I65a9ee698d
                                                                                                    Build Date              : 12/19/25
                                                                                                    Shader Compiler Version : E031.50.19.14
                                                                                                    Local Branch            : 
                                                                                                    Remote Branch           : refs/tags/AU_LINUX_ANDROID_LA.VENDOR.16.2.0.11.00.00.1195.535
                                                                                                    Remote Branch           : NONE
                                                                                                    Reconstruct Branch      : NOTHING
2026-06-16 19:27:00.626 19756-19796 AdrenoVK-0              com.exammaster                       I  Build Config            : C P 20.0.0 AArch64
2026-06-16 19:27:00.626 19756-19796 AdrenoVK-0              com.exammaster                       I  Driver Path             : /vendor/lib64/hw/vulkan.adreno.so
2026-06-16 19:27:00.626 19756-19796 AdrenoVK-0              com.exammaster                       I  Driver Version          : 0842.25
2026-06-16 19:27:00.626 19756-19796 AdrenoVK-0              com.exammaster                       I  PFP                     : 0x01510094
2026-06-16 19:27:00.626 19756-19796 AdrenoVK-0              com.exammaster                       I  ME                      : 0x01510025
2026-06-16 19:27:00.626 19756-19796 AdrenoVK-0              com.exammaster                       I  Application Name    : android framework
                                                                                                    Process Name        : com.exammaster
                                                                                                    Application Version : 0x00000000
                                                                                                    Engine Name         : android framework
                                                                                                    Engine Version      : 0x00000000
                                                                                                    Api Version         : 0x00401000
2026-06-16 19:27:00.626 19756-19796 GamesAware              com.exammaster                       E  CheckInSupportList: 'com.exammaster' is not a game.
2026-06-16 19:27:00.627 19756-19796 GamesAware              com.exammaster                       I  [19756] registerMiniGameCallback succeeded
2026-06-16 19:27:00.627 19756-19796 HWUI                    com.exammaster                       W  Requested context priority is not supported by the queue
2026-06-16 19:27:00.627  2192-2414  RenderEngine            surfaceflinger                       D  [Splash Screen com.exammaster#70117] set isRequiresLinearEffect false when dimming ratio equals 1.
2026-06-16 19:27:00.629 19756-19796 libc                    com.exammaster                       W  Access denied finding property "ro.debuggable"
2026-06-16 19:27:00.629 19756-19796 libc                    com.exammaster                       W  Access denied finding property "ro.debuggable"
2026-06-16 19:27:00.629 19756-19756 ActivityThread          com.exammaster                       I  add activity client record, r= ActivityRecord{883e8dd token=android.os.BinderProxy@3c69d87 {com.exammaster/com.exammaster.MainActivity}} token= android.os.BinderProxy@3c69d87
2026-06-16 19:27:00.630 19756-19756 nativeloader            com.exammaster                       D  Load libiawareperf_jni.so using system ns (caller=/system/framework/framework.jar!classes2.dex): ok
2026-06-16 19:27:00.630 19756-19756 ServiceManagerCppClient com.exammaster                       W  Failed to get isDeclared for vendor.honor.hardware.iawareperf.IUniPerfAidlInterface/default: Status(-1, EX_SECURITY): 'SELinux denied for service.'
2026-06-16 19:27:00.630 19756-19756 uniperf client          com.exammaster                       E  vendor.honor.hardware.iawareperf.IUniPerfAidlInterface/default is not Declared
2026-06-16 19:27:00.630 19756-19756 HidlServiceManagement   com.exammaster                       W  hwservicemanager is not supported on the device.
2026-06-16 19:27:00.630 19756-19756 HidlServiceManagement   com.exammaster                       I  Trying to get transport of vendor.honor.hardware.iawareperf@1.0::IUniPerf/uniperf without hwservicemanager
2026-06-16 19:27:00.630 19756-19756 uniperf client          com.exammaster                       D  get uniperf service failed!
2026-06-16 19:27:00.630 19756-19756 ServiceManagerCppClient com.exammaster                       W  Failed to get isDeclared for vendor.honor.hardware.iawareperf.IUniPerfAidlInterface/default: Status(-1, EX_SECURITY): 'SELinux denied for service.'
2026-06-16 19:27:00.630 19756-19756 uniperf client          com.exammaster                       E  vendor.honor.hardware.iawareperf.IUniPerfAidlInterface/default is not Declared
2026-06-16 19:27:00.630 19756-19756 HidlServiceManagement   com.exammaster                       I  Trying to get transport of vendor.honor.hardware.iawareperf@1.0::IUniPerf/uniperf without hwservicemanager
2026-06-16 19:27:00.630 19756-19756 uniperf client          com.exammaster                       D  get uniperf service failed!
2026-06-16 19:27:00.631  4597-5292  CpuGovernor             com.hihonor.iaware                   D  handleAction: action id=532 time=1781609220631 Flag=3 name=top_activity_resumed pkg=com.exammaster
2026-06-16 19:27:00.632 19756-19756 DecorView[]             com.exammaster                       I  set decor visibility 4
2026-06-16 19:27:00.633  3373-5091  TransitionController    system_server                        I  finishTransition TransitionRecord{be7bb72 id=3446 type=OPEN flags=0x0 c=[
                                                                                                       ChangeInfo{5a8931d container=OneHanded:0:14@7488411 flags=0x0}
                                                                                                       ChangeInfo{b07a992 container=Display{#0 state=ON size=1256x2760 ROTATION_0} flags=0x0}
                                                                                                       ChangeInfo{d9df63 container=WallpaperWindowToken{4fd5a8e showWhenLocked=false} flags=0x0}
                                                                                                       ChangeInfo{8667760 container=Task{5ba3d99 #1340 type=home A=10120:com.hihonor.android.launcher} flags=0x10}
                                                                                                       ChangeInfo{404419 container=Task{70e66e0 #1339 type=home} flags=0x10}
                                                                                                       ChangeInfo{472ccde container=Task{8f3bbc3 #1463 type=standard A=10335:com.exammaster} flags=0x10}
                                                                                                       ChangeInfo{1010ebf container=ActivityRecord{174978205 u0 com.hihonor.android.launcher/.unihome.UniHomeLauncher t1340} flags=0x0}
                                                                                                       ChangeInfo{6aba98c container=DefaultTaskDisplayArea@195326808 flags=0x0}
                                                                                                       ChangeInfo{30808d5 container=WallpaperWindowToken{dfd08f4 showWhenLocked=true} flags=0x0}
                                                                                                       ChangeInfo{6dad8ea container=ActivityRecord{265344724 u0 com.exammaster/.MainActivity t1463} flags=0x0}
                                                                                                    ]
                                                                                                    }
2026-06-16 19:27:00.634  3373-5091  WindowManager           system_server                        I  surfaceControl level and imeTarget current state ,  imeTarget =Window{5b1c00f u0 Splash Screen com.exammaster}
2026-06-16 19:27:00.634  3373-5091  WindowManager           system_server                        I  surfaceControl level and the current topStac,  topStack =Task{8f3bbc3 #1463 type=standard A=10335:com.exammaster}
2026-06-16 19:27:00.635 19756-19756 VrrViewInfoHandler      com.exammaster                       I  setViewRootInfo com.exammaster activity: com.exammaster.MainActivity
2026-06-16 19:27:00.635  2569-2961  AGPService              AGPService                           I  view-AGP: GetVrrViewInfoHandleConfig, pkgName: com.exammaster,  tag: -1, topPercent: 1.00, midMinPercent: 0.40, midMaxPercent: 0.60, specificFlag 0, ACTFlagMapSize 0
2026-06-16 19:27:00.636 19756-19756 libc                    com.exammaster                       W  Access denied finding property "sys.use_pre_composite.switch"
2026-06-16 19:27:00.636  2192-2414  RenderEngine            surfaceflinger                       D  [Splash Screen com.exammaster#70117] set isRequiresLinearEffect false when dimming ratio equals 1.
2026-06-16 19:27:00.637  3373-4755  HwWindowStateEx         system_server                        D  construct win com.android.server.wm.HwWindowStateEx@3cb9e24,comp ComponentInfo{com.exammaster/com.exammaster.MainActivity},mLayoutInCutoutLandscape false
2026-06-16 19:27:00.637  2192-2404  SurfaceFlinger          surfaceflinger                       I  createLayer layername: bb97d8d com.exammaster/com.exammaster.MainActivity address = 0xb400007388233a10
2026-06-16 19:27:00.638 19756-19756 FullScreenUtils         com.exammaster                       D  isNeedToHideStatusBar: splitscreenstate=0
2026-06-16 19:27:00.639  2569-2961  ITouchService           AGPService                           I  TouchEnhanceMonitor: CurrPkg com.exammaster 
2026-06-16 19:27:00.639  2569-2961  ITouchService           AGPService                           I  DirectDeliverManager: pkgName com.exammaster - isGame? 0
2026-06-16 19:27:00.639  2569-2961  AGPService              AGPService                           D  itouch in 'GetDirectDeliverOpt' pkg:com.exammaster, enabled:0
2026-06-16 19:27:00.639 19756-19756 InputEventReceiver      com.exammaster                       D  dispatchInputInterval 1000000
2026-06-16 19:27:00.639 19756-19756 libc                    com.exammaster                       W  Access denied finding property "ro.debuggable"
2026-06-16 19:27:00.639 19756-19756 libc                    com.exammaster                       W  Access denied finding property "ro.debuggable"
2026-06-16 19:27:00.639 19756-19756 HwForceDarkManager      com.exammaster                       I  isSystemInDarkMode isResUiModeYes: true, isDarkMode: true
2026-06-16 19:27:00.640 19756-19756 DecorView[]             com.exammaster                       I  set decor visibility 0
2026-06-16 19:27:00.640 19756-19756 RtgSchedIpcFile         com.exammaster                       D  setCommandByIoctl failed ret:-1, cmdid:23, errno:103
2026-06-16 19:27:00.640 19756-19756 RtgSchedIpcFile         com.exammaster                       D  setCommandByIoctl failed ret:-1, cmdid:22, errno:103
2026-06-16 19:27:00.640 19756-19756 RtgSchedIpcFile         com.exammaster                       D  setCommandByIoctl failed ret:-1, cmdid:23, errno:103
2026-06-16 19:27:00.640 19756-19756 HnPgAppThreadImpl       com.exammaster                       I  late FAS register
2026-06-16 19:27:00.640  3373-8257  SysPgAppThreadManager   system_server                        I  pkg: com.exammaster#0 stored , number of listener: 20
2026-06-16 19:27:00.640 21611-21766 AWARENESS_AmsRegister   com.hihonor.awareness                W  state:onResume,com.exammaster,MainActivity,taskId:1463,call:,launch:-1,uid:0
2026-06-16 19:27:00.640 21611-21766 AWARENESS_...ionAbility com.hihonor.awareness                D  currentPage: com.exammaster/com.exammaster.MainActivity
2026-06-16 19:27:00.640 21611-21766 AWARENESS_RAAbility     com.hihonor.awareness                I  Top6:[Act{item=com.hihonor.android.launcher0/com.hihonor.android.launcher.unihome.UniHomeLauncher,oT=1781609214,aT=6}, Act{item=com.exammaster0/com.exammaster.MainActivity,oT=1781609207,aT=7}, Act{item=com.android.packageinstaller0/com.android.packageinstaller.PackageInstallerActivity,oT=1781608713,aT=8}, Act{item=com.hihonor.android.honorsuite0/com.hihonor.hisuite.activity.MainActivity,oT=1781608684,aT=29}, Act{item=com.android.systemui0/com.android.systemui.usb.HwUsbDebuggingActivity,oT=1781608671,aT=5}, Act{item=com.android.settings0/com.hihonor.settingslib.SubSettings,oT=1781608660,aT=7}]
2026-06-16 19:27:00.641 19756-19800 AnimationPromotionUtils com.exammaster                       I  com.exammaster frames to detect: 360 load threshold: 48000
2026-06-16 19:27:00.641 19756-19800 AnimationPromotionUtils com.exammaster                       I  com.exammaster ensureViewAnimationPromotionEnabled: 1
2026-06-16 19:27:00.641 19756-19756 PhoneWindow             com.exammaster                       D  onViewRootImplSet activityToken android.os.BinderProxy@3c69d87,activityClientRecord ActivityRecord{883e8dd token=android.os.BinderProxy@3c69d87 {com.exammaster/com.exammaster.MainActivity}},isHnNavigationHide false isHidePrivateFlag = false
2026-06-16 19:27:00.641 19756-19756 HwPhoneWindow           com.exammaster                       D  onViewRootImplSet activityToken android.os.BinderProxy@3c69d87,activityClientRecord ActivityRecord{883e8dd token=android.os.BinderProxy@3c69d87 {com.exammaster/com.exammaster.MainActivity}},isHwNavigationHide false
2026-06-16 19:27:00.641 19756-19756 HiTouch_Pr...reDetector com.exammaster                       D  onAttached:1
2026-06-16 19:27:00.641  3373-4755  HWMW_HwMag...nAmsPolicy system_server                        I  ### Execute -> getDetectedParam, pkgName: com.exammaster
2026-06-16 19:27:00.645  2192-2192  VariableRe...ateHandler surfaceflinger                       I  setCurrentSignals: layerName Splash Screen com.exammaster#70117, type ExplicitCategory, desiredRefreshRate 0.00
2026-06-16 19:27:00.645  3373-4755  HWMW_OrientationPolicy  system_server                        W  checkMagicOrientation return, ar: ActivityRecord{265344724 u0 com.exammaster/.MainActivity t1463}, container: null
2026-06-16 19:27:00.645  3373-8257  HWMW_OrientationPolicy  system_server                        W  checkMagicOrientation return, ar: ActivityRecord{265344724 u0 com.exammaster/.MainActivity t1463}, container: null
2026-06-16 19:27:00.677  2192-2192  VariableRe...ateHandler surfaceflinger                       I  setCurrentSignals: layerName Splash Screen com.exammaster#70117, type ExplicitCategory, desiredRefreshRate 0.00
2026-06-16 19:27:00.688 19756-19756 FullScreenUtils         com.exammaster                       D  isNeedToHideStatusBar: splitscreenstate=0
2026-06-16 19:27:00.689  3373-8257  CoreBackPreview         system_server                        D  Window{bb97d8d u0 com.exammaster/com.exammaster.MainActivity}: Setting back callback OnBackInvokedCallbackInfo{mCallback=android.window.IOnBackInvokedCallback$Stub$Proxy@a1dd145, mPriority=0, mIsAnimationCallback=false, mOverrideBehavior=0}
2026-06-16 19:27:00.699 19756-19760 com.exammaster          com.exammaster                       W  Missing inline cache for boolean android.text.TextUtils.equals(java.lang.CharSequence, java.lang.CharSequence)
2026-06-16 19:27:00.708 19756-19760 com.exammaster          com.exammaster                       W  Missing inline cache for android.view.View android.view.LayoutInflater.createView(android.content.Context, java.lang.String, java.lang.String, android.util.AttributeSet)
2026-06-16 19:27:00.726 19756-19760 com.exammaster          com.exammaster                       W  Missing inline cache for void android.view.ViewRootImpl.<init>(android.content.Context, android.view.Display, android.view.IWindowSession, android.view.WindowLayout)
2026-06-16 19:27:00.731 19756-19756 com.exammaster          com.exammaster                       W  Method boolean androidx.compose.runtime.snapshots.SnapshotStateList.conditionalUpdate(boolean, kotlin.jvm.functions.Function1) failed lock verification and will run slower.
                                                                                                    Common causes for lock verification issues are non-optimized dex code
                                                                                                    and incorrect proguard optimizations.
2026-06-16 19:27:00.731 19756-19756 com.exammaster          com.exammaster                       W  Method boolean androidx.compose.runtime.snapshots.SnapshotStateList.conditionalUpdate$default(androidx.compose.runtime.snapshots.SnapshotStateList, boolean, kotlin.jvm.functions.Function1, int, java.lang.Object) failed lock verification and will run slower.
2026-06-16 19:27:00.731 19756-19756 com.exammaster          com.exammaster                       W  Method java.lang.Object androidx.compose.runtime.snapshots.SnapshotStateList.mutate(kotlin.jvm.functions.Function1) failed lock verification and will run slower.
2026-06-16 19:27:00.731 19756-19756 com.exammaster          com.exammaster                       W  Method void androidx.compose.runtime.snapshots.SnapshotStateList.update(boolean, kotlin.jvm.functions.Function1) failed lock verification and will run slower.
2026-06-16 19:27:00.731 19756-19756 com.exammaster          com.exammaster                       W  Method void androidx.compose.runtime.snapshots.SnapshotStateList.update$default(androidx.compose.runtime.snapshots.SnapshotStateList, boolean, kotlin.jvm.functions.Function1, int, java.lang.Object) failed lock verification and will run slower.
2026-06-16 19:27:00.775 19756-19760 com.exammaster          com.exammaster                       I  Compiler allocated 8003KB to compile void android.view.ViewRootImpl.performTraversals()
2026-06-16 19:27:00.786  2192-2404  SurfaceFlinger          surfaceflinger                       I  createLayer layername: com.exammaster/com.exammaster.MainActivity address = 0xb4000073882cfe60
2026-06-16 19:27:00.786  3373-8257  WindowManager           system_server                        I  surfaceControl level and imeTarget current state ,  imeTarget =Window{5b1c00f u0 Splash Screen com.exammaster}
2026-06-16 19:27:00.786  3373-8257  WindowManager           system_server                        I  surfaceControl level and the current topStac,  topStack =Task{8f3bbc3 #1463 type=standard A=10335:com.exammaster}
2026-06-16 19:27:00.786  3373-8257  WindowManager           system_server                        I  Changing focus from null to Window{bb97d8d u0 com.exammaster/com.exammaster.MainActivity} mode 0 displayId=0
2026-06-16 19:27:00.786  4536-4536  hn_GestureNavManager    com.android.systemui                 I  Focus:com.exammaster/com.exammaster.MainActivity, Uid:10335, UN:false, LUN:true, FNO:0, IKMW:false, pkg:com.exammaster
2026-06-16 19:27:00.787  3373-8257  HwSwingPolicyService    system_server                        I  notifyFocusChange focusWindowTitle:com.exammaster/com.exammaster.MainActivity
2026-06-16 19:27:00.787  3373-8257  HnSwingMotionGestureHub system_server                        I  current app:com.exammaster,appType:-1
2026-06-16 19:27:00.787  3373-8257  HwPhoneWindowManager    system_server                        V  updateSystemUiColorLw window=Window{bb97d8d u0 com.exammaster/com.exammaster.MainActivity},MagicStyle=0,StatusBarColor=0xffffb3b5,NavigationBarColor=0xff000000, mForceNotchStatusBar=false
2026-06-16 19:27:00.787  3373-3454  HnSwingMotionGestureHub system_server                        I  current focus package:com.exammaster
2026-06-16 19:27:00.787  2608-2645  AwareLog                hwpged                               I  IsSplashThread threadName[19756][com.exammaster]
2026-06-16 19:27:00.787  3373-3454  HnSwingMot...ureHandler system_server                        I  current app:com.exammaster,appType:-1
2026-06-16 19:27:00.787  4597-4899  ScenarioService         com.hihonor.iaware                   I  app focus change from: com.hihonor.android.launcher to:com.exammaster
2026-06-16 19:27:00.787  4597-4899  ScenarioService         com.hihonor.iaware                   I  add focus on app:com.exammaster to visiblePkgs
2026-06-16 19:27:00.787  4597-4899  DisplayCtrlManager      com.hihonor.iaware                   I  app focus change from: com.hihonor.android.launcher to:com.exammaster
2026-06-16 19:27:00.787  4597-5292  CpuGovernor             com.hihonor.iaware                   D  handleAction: action id=534 time=1781609220787 Flag=3 name=app_focus_change pkg=com.exammaster
2026-06-16 19:27:00.787  4597-5292  BoostCtrlManager        com.hihonor.iaware                   I  focus change, pkg: com.exammaster ,uid: 0
2026-06-16 19:27:00.788  3373-8257  HWMW_OrientationPolicy  system_server                        W  checkMagicOrientation return, ar: ActivityRecord{265344724 u0 com.exammaster/.MainActivity t1463}, container: null
2026-06-16 19:27:00.788  3373-8257  SurfaceControl          system_server                        I  nativeRelease 0xb4000076f5acdf50 count: 1 name: com.exammaster/com.exammaster.MainActivity#70123
2026-06-16 19:27:00.788  4550-9900  DataNetworkSharingState com.hihonor.systemserver             I  ServerIdleState handled event: FocusAppChange(msgFlag:6), pkgName: com.exammaster(uid:10335), app not in list
2026-06-16 19:27:00.788 19756-19756 libc                    com.exammaster                       W  Access denied finding property "ro.debuggable"
2026-06-16 19:27:00.788 19756-19756 VRI[MainActivity]       com.exammaster                       D  relayoutWindow: mRelayoutRequested = true
2026-06-16 19:27:00.788 19756-19756 libc                    com.exammaster                       W  Access denied finding property "ro.debuggable"
2026-06-16 19:27:00.788  2569-2961  AGPService              AGPService                           I  ExternalInfoCode 90011 enterInfo com.exammaster
2026-06-16 19:27:00.788 19756-19756 libc                    com.exammaster                       W  Access denied finding property "sys.use_pre_composite.switch"
2026-06-16 19:27:00.789 19756-19756 BufferQueueConsumer     com.exammaster                       I  [](id:4d2c00000000,api:0,p:-1,c:19756) connect: controlledByApp=false
2026-06-16 19:27:00.789 19756-19756 BufferQueueCore         com.exammaster                       I  BLASTBufferQueue : comm:com.exammaster isTargetApp:0
2026-06-16 19:27:00.789 19756-19756 libc                    com.exammaster                       W  Access denied finding property "ro.debuggable"
2026-06-16 19:27:00.789 19756-19756 VariableRe...hRateUtils com.exammaster                       I  isEnabled featureEnabled: 0 logMode: 1
2026-06-16 19:27:00.789 19756-19756 FullScreenUtils         com.exammaster                       D  isNeedToHideStatusBar: splitscreenstate=0
2026-06-16 19:27:00.790 19756-19756 VRI[MainActivity]       com.exammaster                       V  Visible with new config: {1.0 460mcc2mnc [zh_CN_#Hans,zh_CN_#Hant,ug_CN] ldltr sw359dp w359dp h732dp 560dpi nrml long hdr widecg port night finger -keyb/v/h -nav/h winConfig={ mBounds=Rect(0, 0 - 1256, 2760) mAppBounds=Rect(0, 119 - 1256, 2682) mMaxBounds=Rect(0, 0 - 1256, 2760) mDisplayRotation=ROTATION_0 mWindowingMode=fullscreen mActivityType=standard mAlwaysOnTop=undefined mRotation=ROTATION_0 mPopOverMode=undefined} suim:1 fontWeightScale:100 changeUserFlag:0 changeUiModeFlag:0 fullScreenVideoFlag:0 splitScreenState:0 landScapeFreeformFlag:1 hoverMode:0 changeIconStyleFlag:0 changeThemeStyleFlag:0 transparentMode:2097152 s.2 fontWeightAdjustment=0}
2026-06-16 19:27:00.790 19756-19756 VRI[MainActivity]       com.exammaster                       V  Applying new config to window com.exammaster/com.exammaster.MainActivity, globalConfig: {1.0 460mcc2mnc [zh_CN_#Hans,zh_CN_#Hant,ug_CN] ldltr sw359dp w359dp h732dp 560dpi nrml long hdr widecg port night finger -keyb/v/h -nav/h winConfig={ mBounds=Rect(0, 0 - 1256, 2760) mAppBounds=Rect(0, 119 - 1256, 2682) mMaxBounds=Rect(0, 0 - 1256, 2760) mDisplayRotation=ROTATION_0 mWindowingMode=fullscreen mActivityType=undefined mAlwaysOnTop=undefined mRotation=ROTATION_0 mPopOverMode=undefined} suim:1 fontWeightScale:100 changeUserFlag:0 changeUiModeFlag:0 fullScreenVideoFlag:0 splitScreenState:0 landScapeFreeformFlag:1 hoverMode:0 changeIconStyleFlag:0 changeThemeStyleFlag:0 transparentMode:2097152 s.6739 fontWeightAdjustment=0}, overrideConfig: {1.0 460mcc2mnc [zh_CN_#Hans,zh_CN_#Hant,ug_CN] ldltr sw359dp w359dp h732dp 560dpi nrml long hdr widecg port night finger -keyb/v/h -nav/h winConfig={ mBounds=Rect(0, 0 - 1256, 2760) mAppBounds=Rect(0, 119 - 1256, 2682) mMaxBounds=Rect(0, 0 - 1256, 2760) mDisplayRotation=ROTATION_0 mWindowingMode=fullscreen mActivityType=standard mAlwaysOnTop=undefined mRotation=ROTATION_0 mPopOverMode=undefined} suim:1 fontWeightScale:100 changeUserFlag:0 changeUiModeFlag:0 fullScreenVideoFlag:0 splitScreenState:0 landScapeFreeformFlag:1 hoverMode:0 changeIconStyleFlag:0 changeThemeStyleFlag:0 transparentMode:2097152 s.2 fontWeightAdjustment=0}
2026-06-16 19:27:00.790 19756-19756 FullScreenUtils         com.exammaster                       D  isNeedToHideStatusBar: splitscreenstate=0
2026-06-16 19:27:00.790 19756-19796 BufferQueueProducer     com.exammaster                       I  [VRI[MainActivity]#0(BLAST Consumer)0](id:4d2c00000000,api:0,p:-1,c:19756) connect: api=1 producerControlledByApp=true
2026-06-16 19:27:00.795 19756-19760 com.exammaster          com.exammaster                       W  Missing inline cache for java.lang.Object libcore.reflect.AnnotationMember.copyValue()
2026-06-16 19:27:00.795 19756-19760 com.exammaster          com.exammaster                       W  Missing inline cache for java.lang.Object libcore.reflect.AnnotationMember.copyValue()
2026-06-16 19:27:00.795 19756-19760 com.exammaster          com.exammaster                       W  Missing inline cache for java.lang.Object libcore.reflect.AnnotationMember.copyValue()
2026-06-16 19:27:00.795 19756-19760 com.exammaster          com.exammaster                       W  Missing inline cache for java.lang.Object libcore.reflect.AnnotationMember.copyValue()
