2026-06-16 19:27:00.795 19756-19760 com.exammaster          com.exammaster                       W  Missing inline cache for java.lang.Object libcore.reflect.AnnotationMember.copyValue()
2026-06-16 19:27:00.795 19756-19760 com.exammaster          com.exammaster                       W  Missing inline cache for java.lang.Object libcore.reflect.AnnotationMember.copyValue()
2026-06-16 19:27:00.795 19756-19760 com.exammaster          com.exammaster                       W  Missing inline cache for java.lang.Object libcore.reflect.AnnotationMember.copyValue()
2026-06-16 19:27:00.795 19756-19760 com.exammaster          com.exammaster                       W  Missing inline cache for java.lang.Object libcore.reflect.AnnotationMember.copyValue()
2026-06-16 19:27:00.795 19756-19760 com.exammaster          com.exammaster                       W  Missing inline cache for boolean java.lang.reflect.WeakCache$CacheKey.equals(java.lang.Object)
2026-06-16 19:27:00.795 19756-19760 com.exammaster          com.exammaster                       W  Missing inline cache for boolean java.lang.reflect.Proxy$Key1.equals(java.lang.Object)
2026-06-16 19:27:00.802 19756-19756 HwForceDarkManager      com.exammaster                       I  isAppInDarkMode isResUiModeYes: true
2026-06-16 19:27:00.802 19756-19756 HwForceDarkManager      com.exammaster                       I  setAllowedHwForceDark:false package:com.exammaster mCurrProcessState:0 mIsPackageNameChange:false hwForceDarkState:0 isViewAllowedForceDark:true isLastHonorForceDark:false
2026-06-16 19:27:00.811 19756-19796 AdrenoUtils             com.exammaster                       I  <ReadGpuID:1333>: Reading chip ID through GSL
2026-06-16 19:27:00.815 19756-19756 HwViewRootImpl          com.exammaster                       I  removeInvalidNode jank list is null
2026-06-16 19:27:00.815  2608-2645  AwareLog                hwpged                               D  get pte args: startType=0, uid=10335, pid=19756, packageName=com.exammaster, fileName=com.exammaster
2026-06-16 19:27:00.815 19756-19756 RmeSchedManager         com.exammaster                       I  init Rme, version is: v1.0
2026-06-16 19:27:00.815 19756-19756 RtgSchedEvent           com.exammaster                       I  current pid:19756 AppType:-1
2026-06-16 19:27:00.815 19756-19756 libc                    com.exammaster                       W  Access denied finding property "ro.debuggable"
2026-06-16 19:27:00.815 19756-19756 HWUI                    com.exammaster                       D  disableOutlineDraw is true
2026-06-16 19:27:00.815 19756-19756 DE_TS HnDi...ineManager com.exammaster                       I  init eye protection mode:com.exammaster/com.exammaster.MainActivity
2026-06-16 19:27:00.816  2192-4100  SurfaceFlinger          surfaceflinger                       I  createLayer layername: Surface(name=bb97d8d com.exammaster/com.exammaster.MainActivity)/@0xd05dc66 - animation-leash of starting_reveal address = 0xb40000738839cc90
2026-06-16 19:27:00.816  3373-3460  SysPgAppThreadManager   system_server                        I  check Fas frame status, key: com.exammaster#0 ,cmdId: 4099
2026-06-16 19:27:00.816  2106-4948  uniperf server          ven...r.hardware.iawareperf-service  I  GetDelayOffAction pkgName=com.exammaster, cmdId=4099, 1stFrame=501, 2ndDelay=2000, configDuration=2500
2026-06-16 19:27:00.817  3373-3454  ActivityTaskManager     system_server                        I  Displayed com.exammaster/.MainActivity for user 0: +501ms
2026-06-16 19:27:00.827  2192-2192  SurfaceFlinger          surfaceflinger                       I  sfdebug [com.exammaster/com.exammaster.MainActivity#70123] apply visible 1 transactionId 14486925113924
2026-06-16 19:27:00.827  2192-2192  VariableRe...ateHandler surfaceflinger                       I  setCurrentSignals: layerName com.exammaster/com.exammaster.MainActivity#70123, type ExplicitCategory, desiredRefreshRate 0.00
2026-06-16 19:27:00.827  2192-2192  VariableRe...ateHandler surfaceflinger                       I  setCurrentSignals: layerName Splash Screen com.exammaster#70117, type ExplicitCategory, desiredRefreshRate 0.00
2026-06-16 19:27:00.828  3373-4755  InputDispatcher         system_server                        I  Focus entered window: bb97d8d com.exammaster/com.exammaster.MainActivity in display 0
2026-06-16 19:27:00.828  3373-4110  InputTransport          system_server                        I  publishFocusEvent(inputChannel = bb97d8d com.exammaster/com.exammaster.MainActivity, hasFocus = true)
2026-06-16 19:27:00.845 19756-19756 VRI[MainActivity]       com.exammaster                       I  send MSG_WINDOW_FOCUS_CHANGED msg
2026-06-16 19:27:00.845 19756-19756 InputEventReceiver      com.exammaster                       I  consumeEvents focus, 1
2026-06-16 19:27:00.852  2192-2192  VariableRe...ateHandler surfaceflinger                       I  setCurrentSignals: layerName com.exammaster/com.exammaster.MainActivity#70123, type ExplicitCategory, desiredRefreshRate 0.00
2026-06-16 19:27:00.852  2192-2192  VariableRe...ateHandler surfaceflinger                       I  setCurrentSignals: layerName Splash Screen com.exammaster#70117, type ExplicitCategory, desiredRefreshRate 0.00
2026-06-16 19:27:00.855 19756-19756 HwForceDarkManager      com.exammaster                       I  isAppInDarkMode isResUiModeYes: true
2026-06-16 19:27:00.861  2569-2961  ITouchService           AGPService                           I  TouchEnhanceMonitor: CurrPkg com.exammaster 
2026-06-16 19:27:00.861  2569-2961  AGPService              AGPService                           D  itouch in 'GetGameXsyncEnabled' pkg:com.exammaster, enabled:0
2026-06-16 19:27:00.873 19756-19756 RtgSchedIpcFile         com.exammaster                       D  setCommandByIoctl failed ret:-1, cmdid:22, errno:103
2026-06-16 19:27:00.874 19756-19756 RtgSchedIpcFile         com.exammaster                       D  setCommandByIoctl failed ret:-1, cmdid:23, errno:103
2026-06-16 19:27:00.874 19756-19756 ImeFocusController      com.exammaster                       V  onWindowFocus: com.android.internal.policy.DecorView{1c7610b V.E...... R....... 0,0-1256,2760}[MainActivity] softInputMode=STATE_UNSPECIFIED|ADJUST_PAN|IS_FORWARD_NAVIGATION
2026-06-16 19:27:00.874 19756-19756 InputMethodManager      com.exammaster                       V  Restarting due to mRestartOnNextWindowFocus as true
2026-06-16 19:27:00.874 19756-19756 InputMethodManager      com.exammaster                       W  startInputReason = 1
2026-06-16 19:27:00.875  3373-4124  ImeTracker              system_server                        I  com.exammaster:35d001b9: onRequestHide at ORIGIN_SERVER reason HIDE_UNSPECIFIED_WINDOW fromUser false
2026-06-16 19:27:00.877  8664-8664  InlineSugg...Controller com.baidu.input_hihonor              D  notifyOnStartInput: com.exammaster, 0
2026-06-16 19:27:00.877  8664-8664  HonorIME                com.baidu.input_hihonor              W  onStartInput restarting：false, packageName：com.exammaster, fieldId： 0, inputType：0, imeOptions： 0,hard:false,IMS>>>59788124 
2026-06-16 19:27:00.878  3373-3401  WindowManager           system_server                        I  surfaceControl level and imeTarget current state ,  imeTarget =Window{5b1c00f u0 Splash Screen com.exammaster}
2026-06-16 19:27:00.878  3373-3401  WindowManager           system_server                        I  surfaceControl level and the IME current surface t =android.view.SurfaceControl$Transaction@769dd6c,mInputMethodSurfaceParent = Surface(name=ActivityRecord{265344724 u0 com.exammaster/.MainActivity t1463})/@0x5b42b16
2026-06-16 19:27:00.878  3373-3401  WindowManager           system_server                        I  surfaceControl level and the current topStac,  topStack =Task{8f3bbc3 #1463 type=standard A=10335:com.exammaster}
2026-06-16 19:27:00.878 19756-19756 ImeTracker              com.exammaster                       I  com.exammaster:35d001b9: onCancelled at PHASE_CLIENT_ALREADY_HIDDEN
2026-06-16 19:27:00.878 19756-19756 InputMethodManager      com.exammaster                       I  handleMessage: MSG_SET_ACTIVE true, was false
2026-06-16 19:27:00.878 19756-19756 InputMethodManager      com.exammaster                       V  Starting input: Bind result=InputBindResult{result=SUCCESS_WAITING_IME_SESSION method=null id=com.baidu.input_hihonor/com.baidu.input_honor.ImeService sequence=6707 result=1 isInputMethodSuppressingSpellChecker=false}
2026-06-16 19:27:00.878 19756-19756 InputMethodManager      com.exammaster                       I  handleMessage: MSG_BIND 6707,com.baidu.input_hihonor/com.baidu.input_honor.ImeService
2026-06-16 19:27:00.878 19756-19756 InputMethodManager      com.exammaster                       W  startInputReason = 6
2026-06-16 19:27:00.878 19756-19756 InputMethodManager      com.exammaster                       V  Starting input: finished by someone else. view=DecorView{1c7610b},focus=false,windowFocus=true,window=android.view.ViewRootImpl$W@73a9852,displayId=0,temporaryDetach=false,hasImeFocus=true servedView=DecorView{1c7610b},focus=false,windowFocus=true,window=android.view.ViewRootImpl$W@73a9852,displayId=0,temporaryDetach=false,hasImeFocus=true mServedConnecting=false
2026-06-16 19:27:00.878  3373-8257  ActivityTaskManager     system_server                        V  Activity idle: ActivityRecord{265344724 u0 com.exammaster/.MainActivity t1463}
2026-06-16 19:27:00.879  8664-8664  sug_info                com.baidu.input_hihonor              E  checkMatch:com.exammaster_0_0_null
2026-06-16 19:27:00.887 19756-19756 HwForceDarkManager      com.exammaster                       I  isAppInDarkMode isResUiModeYes: true
2026-06-16 19:27:00.890  3373-3401  WindowManager           system_server                        I  surfaceControl level and imeTarget current state ,  imeTarget =Window{5b1c00f u0 Splash Screen com.exammaster}
2026-06-16 19:27:00.890  3373-3401  WindowManager           system_server                        I  surfaceControl level and the IME current surface t =android.view.SurfaceControl$Transaction@769dd6c,mInputMethodSurfaceParent = Surface(name=ActivityRecord{265344724 u0 com.exammaster/.MainActivity t1463})/@0x5b42b16
2026-06-16 19:27:00.891  3373-3401  WindowManager           system_server                        I  surfaceControl level and the current topStac,  topStack =Task{8f3bbc3 #1463 type=standard A=10335:com.exammaster}
2026-06-16 19:27:00.892  4536-4536  Foreground...ssListener com.android.systemui                 D  ForegroundProgressChanged map = {com.exammaster={0=[19756]}} pkg = com.hihonor.android.launcher pid = 20405 isForeground = false
2026-06-16 19:27:00.901 19756-19756 HwForceDarkManager      com.exammaster                       I  isAppInDarkMode isResUiModeYes: true
2026-06-16 19:27:00.902 19756-19756 RtgSchedIpcFile         com.exammaster                       D  setCommandByIoctl failed ret:-1, cmdid:22, errno:103
2026-06-16 19:27:00.902 19756-19756 SurfaceControl          com.exammaster                       I  nativeRelease 0xb4000076f5a29a30 count: 1 name: Surface(name=1c01a30 StatusBar)/@0xf907163 - animation-leash of insets_animation#70124
2026-06-16 19:27:00.902 19756-19756 SurfaceControl          com.exammaster                       I  nativeRelease 0xb4000076f5a29490 count: 1 name: Surface(name=460e801 NavigationBar0)/@0xf8a9db - animation-leash of insets_animation#70125
2026-06-16 19:27:00.902 19756-19756 RtgSchedIpcFile         com.exammaster                       D  setCommandByIoctl failed ret:-1, cmdid:23, errno:103
2026-06-16 19:27:00.914 19756-19756 HwForceDarkManager      com.exammaster                       I  isAppInDarkMode isResUiModeYes: true
2026-06-16 19:27:00.927 19756-19760 com.exammaster          com.exammaster                       W  Missing inline cache for void androidx.compose.runtime.snapshots.TransparentObserverMutableSnapshot.<init>(androidx.compose.runtime.snapshots.MutableSnapshot, kotlin.jvm.functions.Function1, kotlin.jvm.functions.Function1, boolean, boolean)
2026-06-16 19:27:00.927 19756-19760 com.exammaster          com.exammaster                       W  Missing inline cache for void androidx.compose.runtime.snapshots.TransparentObserverMutableSnapshot.<init>(androidx.compose.runtime.snapshots.MutableSnapshot, kotlin.jvm.functions.Function1, kotlin.jvm.functions.Function1, boolean, boolean)
2026-06-16 19:27:00.927 19756-19756 HwForceDarkManager      com.exammaster                       I  isAppInDarkMode isResUiModeYes: true
2026-06-16 19:27:00.939 19756-19756 HwForceDarkManager      com.exammaster                       I  isAppInDarkMode isResUiModeYes: true
2026-06-16 19:27:00.943 19756-19756 HwForceDarkManager      com.exammaster                       I  isAppInDarkMode isResUiModeYes: true
2026-06-16 19:27:00.955 19756-19756 HwForceDarkManager      com.exammaster                       I  isAppInDarkMode isResUiModeYes: true
2026-06-16 19:27:00.966 19756-19756 HwForceDarkManager      com.exammaster                       I  isAppInDarkMode isResUiModeYes: true
2026-06-16 19:27:00.973 19756-19756 HwForceDarkManager      com.exammaster                       I  isAppInDarkMode isResUiModeYes: true
2026-06-16 19:27:00.980  4597-4899  ScenarioService         com.hihonor.iaware                   I  refresh visibleApp:[com.exammaster] reason=8
2026-06-16 19:27:00.980  4597-4899  PGServer                com.hihonor.iaware                   I  report state:14 event type:1 pid:-1 uid:-1 pkg:com.exammaster to pid: 3373
2026-06-16 19:27:00.980  4597-4899  PGServer                com.hihonor.iaware                   I  report state:14 event type:1 pid:-1 uid:-1 pkg:com.exammaster to pid: 4597
2026-06-16 19:27:00.980  4597-4899  ApsDynamicVideoFps      com.hihonor.iaware                   I  APS: APK: handleFrontAppFromPgPlug. pkgName:com.exammaster, mLastPkgName:tv.danmaku.bili, isReduceFps:false, isCountingDown:true
2026-06-16 19:27:00.980  3373-3401  HwBrightne...eDetection system_server                        I  pkgNamecom.exammaster
2026-06-16 19:27:00.980  2569-2961  AGPService              AGPService                           I  aps-info: focus pkgName - com.exammaster, with 0 more apps
2026-06-16 19:27:00.981  2569-2961  AGPService              AGPService                           I  agp-info: focus pkgName - com.exammaster, with 0 more apps
2026-06-16 19:27:00.981  3373-3401  HwBrightne...eDetection system_server                        I  pkgNamecom.exammaster
2026-06-16 19:27:00.981  4597-5292  SrManager               com.hihonor.iaware                   D  front pkgs: [com.exammaster]
2026-06-16 19:27:00.981  3373-3401  DE J DES                system_server                        I  [effect] appInContainfalse, FocusPkg:com.exammaster, mMultiWindowState: false
2026-06-16 19:27:00.981  3373-3401  DE J DES                system_server                        I  [effect] appInContainfalse, FocusPkg:com.exammaster, mDarkModeStatus: false
2026-06-16 19:27:00.981  2569-2961  AGPService              AGPService                           I  BasePlugin::updateSysState  com.exammaster, code is 0
2026-06-16 19:27:00.981  2569-2961  AGPService              AGPService                           D  State:: Set State is 0, com.exammaster
2026-06-16 19:27:00.981  2569-2961  AGPService              AGPService                           I  GUE: TRANSACT_UPDATE_FOREGROUND: () com.exammaster
2026-06-16 19:27:00.981  2569-2950  AGPService              AGPService                           D  GameDynamicSwitchManager-report : code is  0, state is com.exammaster
2026-06-16 19:27:00.981  2569-2950  AGPService              AGPService                           I  GameDynamicSwitchManager-SetCurrAppName: com.exammaster
2026-06-16 19:27:00.981  2569-2950  AGPService              AGPService                           I  ListenerManager: reportState stateValue 0 : com.exammaster
2026-06-16 19:27:00.981  2569-2950  AGPService              AGPService                           D  UISplitModeManager report : code is  0, state is com.exammaster
2026-06-16 19:27:00.981  2569-2950  AGPService              AGPService                           D  UISplitModeManager report : code is  0, state is com.exammaster, not match Event
2026-06-16 19:27:00.981  2569-2950  AGPService              AGPService                           I  ListenerManager: reportState stateValue 0 : com.exammaster
2026-06-16 19:27:00.981  3373-3401  DE J DES                system_server                        I  [effect] Pg pkg:com.exammaster
2026-06-16 19:27:00.981  2569-2961  AGPService              AGPService                           I  UpdateCurrentPackage com.exammaster type -1
2026-06-16 19:27:00.981  2569-2961  AGPService              AGPService                           I  FrameRateManager: aps-info: new pkgName - com.exammaster, type - -1
2026-06-16 19:27:00.981  2569-2961  ITouchService           AGPService                           D  iouch SetGameInfoToTp gameScene-0 pkg-com.exammaster gameInfo--1 infoType-0
2026-06-16 19:27:00.981  2280-2303  aptouch_daemon          aptouch_daemon                       I  Excute:36: cmd=TSA_ExecuteCommand, param= set_game_info_from_itouch+com.exammaster+0+NONE
2026-06-16 19:27:00.982  2569-2961  ITouchService           AGPService                           I  GameXsyncManager:OnGameInfoRecevied p com.exammaster
2026-06-16 19:27:00.982  2569-2961  ITouchService           AGPService                           I  itouch GameXsyncManager:checkGameXsyncState PkgName com.exammaster not found in Xsync list
2026-06-16 19:27:00.982  2569-2961  AGPService              AGPService                           I  GUEStateManager:OnGamePkgInfoReceived  pkgName is : com.exammaster , status is 0 
2026-06-16 19:27:00.982  2569-2961  AGPService              AGPService                           I  BasePlugin::updateSysState  com.exammaster&0, code is 8
2026-06-16 19:27:00.982  2569-2961  AGPService              AGPService                           D  State:: Set State is 8, com.exammaster&0
2026-06-16 19:27:00.982  2569-2961  AGPService              AGPService                           I  SFPlugin UpdateGamePkgInfo: pkgName:[com.exammaster], gameScene:[0]
2026-06-16 19:27:00.982  2569-2950  AGPService              AGPService                           D  UISplitModeManager report : code is  8, state is com.exammaster&0
2026-06-16 19:27:00.982  2569-2950  AGPService              AGPService                           I  ListenerManager: reportState stateValue 8 : com.exammaster&0
2026-06-16 19:27:00.982  2569-2950  AGPService              AGPService                           D  GameControllerCenter:: report : code is  8, state is com.exammaster&0
2026-06-16 19:27:00.982  2569-2950  AGPService              AGPService                           I  ListenerManager: reportState stateValue 8 : com.exammaster&0
2026-06-16 19:27:00.982  2569-2961  ITouchService           AGPService                           D  OneFrame: currPkgName1:com.exammaster currPkgNampAps:com.exammaster
2026-06-16 19:27:00.982  2569-2961  AGPService              AGPService                           I  GpuPolicyManager: m_currentPkgName - com.exammaster
2026-06-16 19:27:00.982 19756-19756 HwForceDarkManager      com.exammaster                       I  isAppInDarkMode isResUiModeYes: true
2026-06-16 19:27:01.101  2192-2192  VariableRe...ateHandler surfaceflinger                       I  setCurrentSignals: layerName com.exammaster/com.exammaster.MainActivity#70123, type ExplicitCategory, desiredRefreshRate 0.00
2026-06-16 19:27:01.101  2192-2192  VariableRe...ateHandler surfaceflinger                       I  setCurrentSignals: layerName Splash Screen com.exammaster#70117, type ExplicitCategory, desiredRefreshRate 0.00
2026-06-16 19:27:01.136 19756-19826 HwFramewor...rtsFactory com.exammaster                       D  HwFrameworkSecurityPartsFactory in.
2026-06-16 19:27:01.136 19756-19826 HwFramewor...rtsFactory com.exammaster                       I  add HwFrameworkSecurityPartsFactory to memory.
2026-06-16 19:27:01.153  2192-2414  RenderEngine            surfaceflinger                       D  [com.exammaster/com.exammaster.MainActivity#70123] set isRequiresLinearEffect false when dimming ratio equals 1.
2026-06-16 19:27:01.154  2192-2414  RenderEngine            surfaceflinger                       D  [Splash Screen com.exammaster#70117] set isRequiresLinearEffect false when dimming ratio equals 1.
2026-06-16 19:27:01.186  4536-5173  SurfaceControl          com.android.systemui                 I  nativeRelease 0xb4000076f5acecd0 count: 2 name: Surface(name=bb97d8d com.exammaster/com.exammaster.MainActivity)/@0xd05dc66 - animation-leash of starting_reveal#70126
2026-06-16 19:27:01.187  2192-4100  SurfaceFlinger          surfaceflinger                       I  createLayer layername: Surface(name=5b1c00f Splash Screen com.exammaster)/@0x67f9a1c - animation-leash of window_animation address = 0xb4000073882c2020
2026-06-16 19:27:01.188  3373-4755  HWMW_OrientationPolicy  system_server                        W  checkMagicOrientation return, ar: ActivityRecord{265344724 u0 com.exammaster/.MainActivity t1463}, container: null
2026-06-16 19:27:01.188  4536-5173  SurfaceControl          com.android.systemui                 I  nativeRelease 0xb4000076f5ac81f0 count: 2 name: Splash Screen com.exammaster#70117
2026-06-16 19:27:01.189  3373-4755  WindowManager           system_server                        I  removeLeash, the window position need update Window{bb97d8d u0 com.exammaster/com.exammaster.MainActivity}
2026-06-16 19:27:01.189  3373-4755  SurfaceControl          system_server                        I  nativeRelease 0xb4000076f5b633b0 count: 2 name: Surface(name=bb97d8d com.exammaster/com.exammaster.MainActivity)/@0xd05dc66 - animation-leash of starting_reveal#70126
2026-06-16 19:27:01.190  4536-5173  DE_TS HnDi...ineManager com.android.systemui                 I  Deinit eye protection mode:Splash Screen com.exammaster
2026-06-16 19:27:01.215 19756-19756 HwForceDarkManager      com.exammaster                       I  isAppInDarkMode isResUiModeYes: true
2026-06-16 19:27:01.297  3373-3460  WindowManager           system_server                        I  removeLeash, the window position need update Window{5b1c00f u0 Splash Screen com.exammaster EXITING}
2026-06-16 19:27:01.298  3373-3460  SurfaceControl          system_server                        I  nativeRelease 0xb4000076f5b59bd0 count: 2 name: Surface(name=5b1c00f Splash Screen com.exammaster)/@0x67f9a1c - animation-leash of window_animation#70128
2026-06-16 19:27:01.298  3373-3460  SurfaceControl          system_server                        I  nativeRelease 0xb4000076f5b792b0 count: 3 name: Splash Screen com.exammaster#70117
2026-06-16 19:27:01.298  3373-3460  SurfaceControl          system_server                        I  nativeRelease 0xb4000076f5b8a0b0 count: 2 name: 5b1c00f Splash Screen com.exammaster#70116
2026-06-16 19:27:01.298  3373-3460  WindowManager           system_server                        I  surfaceControl level and imeTarget current state ,  imeTarget =Window{bb97d8d u0 com.exammaster/com.exammaster.MainActivity}
2026-06-16 19:27:01.298  3373-3460  WindowManager           system_server                        I  surfaceControl level and the current topStac,  topStack =Task{8f3bbc3 #1463 type=standard A=10335:com.exammaster}
2026-06-16 19:27:01.298  3373-3460  WindowManager           system_server                        I  surfaceControl level and the IME current surface ,t =android.view.SurfaceControl$Transaction@769dd6c,imeTarget = Window{bb97d8d u0 com.exammaster/com.exammaster.MainActivity}
2026-06-16 19:27:01.299  3373-3460  WindowManager           system_server                        I  surfaceControl level and imeTarget current state ,  imeTarget =Window{bb97d8d u0 com.exammaster/com.exammaster.MainActivity}
2026-06-16 19:27:01.299  3373-3460  WindowManager           system_server                        I  surfaceControl level and the current topStac,  topStack =Task{8f3bbc3 #1463 type=standard A=10335:com.exammaster}
2026-06-16 19:27:01.299  3373-3460  WindowManager           system_server                        I  surfaceControl level and the IME current surface ,t =android.view.SurfaceControl$Transaction@769dd6c,imeTarget = Window{bb97d8d u0 com.exammaster/com.exammaster.MainActivity}
2026-06-16 19:27:01.315  2192-2192  VariableRe...ateHandler surfaceflinger                       I  setCurrentSignals: layerName com.exammaster/com.exammaster.MainActivity#70123, type ExplicitCategory, desiredRefreshRate 0.00
2026-06-16 19:27:01.330  2192-2192  SurfaceFlinger          surfaceflinger                       I  sfdebug [Splash Screen com.exammaster#70117] apply visible 0 transactionId 14486925113937
2026-06-16 19:27:01.331  2192-2192  VariableRe...ateHandler surfaceflinger                       I  setCurrentSignals: layerName com.exammaster/com.exammaster.MainActivity#70123, type Default, desiredRefreshRate 60.00
2026-06-16 19:27:01.347  2192-2192  Layer                   surfaceflinger                       I  ~Layer layername: 5b1c00f Splash Screen com.exammaster#70116 address = 0xb4000073882b7970
2026-06-16 19:27:01.347  2192-2192  SurfaceFlinger          surfaceflinger                       I  [onLayerDestroyed] [5b1c00f Splash Screen com.exammaster#70116] address:0xb4000073882b7970 has destroyed
2026-06-16 19:27:01.348  2192-2192  Layer                   surfaceflinger                       I  ~Layer layername: Surface(name=5b1c00f Splash Screen com.exammaster)/@0x67f9a1c - animation-leash of window_animation#70128 address = 0xb4000073882c2020
2026-06-16 19:27:01.348  2192-2192  SurfaceFlinger          surfaceflinger                       I  [onLayerDestroyed] [Surface(name=5b1c00f Splash Screen com.exammaster)/@0x67f9a1c - animation-leash of window_animation#70128] address:0xb4000073882c2020 has destroyed
2026-06-16 19:27:01.348  2192-2192  Layer                   surfaceflinger                       I  ~Layer layername: Splash Screen com.exammaster#70117 address = 0xb40000738830e680
2026-06-16 19:27:01.348  2192-2192  SurfaceFlinger          surfaceflinger                       I  [onLayerDestroyed] [Splash Screen com.exammaster#70117] address:0xb40000738830e680 has destroyed
2026-06-16 19:27:01.371 21611-30788 AWARENESS_...ePointUtil com.hihonor.awareness                I  enterOrExitApp, eventId=881605111 appName= appPkg=com.exammaster oaid=null hnOaid=****46b37fb35 callingPackage=com.android.shell fromPackage=com.hihonor.android.launcher
2026-06-16 19:27:01.385  4550-4895  NetworkQoeChr           com.hihonor.systemserver             I  removeMessages EVENT_QOE_TRACE_IDLE_DELAY, com.exammaster
2026-06-16 19:27:01.386  4550-4895  UserSceneN...SpeedStats com.hihonor.systemserver             D  startStats, pkgName: com.exammaster, activityName: com.exammaster.MainActivity, randomTypeStatsTriggerRecordNum: 291
2026-06-16 19:27:01.870 30112-30451 AdAttr-AppNotifier      com.hihonor.id:core                  I  [v1.0.19.300]toReport fromPackage=com.hihonor.android.launcher  toPackage=com.exammaster
2026-06-16 19:27:01.870 30112-30451 AdAttr-ReportRepository com.hihonor.id:core                  I  [v1.0.19.300]>>>>> call report channel info fromPkg [ com.hihonor.android.launcher ] -> toPkg [ com.exammaster ]
2026-06-16 19:27:01.870 30112-30451 AdAttr-ReportRepository com.hihonor.id:core                  I  [v1.0.19.300]>>>>> cInfoKey=[ com.exammaster1 ],eJsonKey=[ com.exammaster2 ]
2026-06-16 19:27:01.871 30112-30451 AdAttr-Eve...foDaoUtils com.hihonor.id:core                  I  [v1.0.19.300]call queryEventInfoFromPkgType pkgName:com.exammaster,nType:10001,installType:0
2026-06-16 19:27:01.872 30112-30451 AdAttr-Eve...foDaoUtils com.hihonor.id:core                  I  [v1.0.19.300]call queryEventInfoFromPkgType pkgName:com.exammaster,nType:30001,installType:0
2026-06-16 19:27:01.872 30112-30451 AdAttr-ToPkgHelper      com.hihonor.id:core                  I  [v1.0.19.300]-------------------> [reportNonAttributedReason] enter toPkg:com.exammaster, reasonCode: -1
2026-06-16 19:27:01.872 30112-30451 AdAttr-ToPkgHelper      com.hihonor.id:core                  I  [v1.0.19.300][reportNonAttributedReason] ---> [isInvalidPkg] toPkg:com.exammaster is Valid.
2026-06-16 19:27:01.872 30112-30451 AdAttr-ToPkgHelper      com.hihonor.id:core                  I  [v1.0.19.300]-------------------> [reportNonAttributedReason] START RECORD toPkg:com.exammaster, reasonCode: -1
2026-06-16 19:27:01.872 30112-30451 AdAttr-ToPkgHelper      com.hihonor.id:core                  I  [v1.0.19.300]====================> [reportCallPkg] enter toPkg:com.exammaster
2026-06-16 19:27:01.872 30112-30451 AdAttr-ToPkgHelper      com.hihonor.id:core                  I  [v1.0.19.300][reportCallPkg] ---> [isInvalidPkg] toPkg:com.exammaster is Valid.
2026-06-16 19:27:01.872 30112-30451 AdAttr-ToPkgHelper      com.hihonor.id:core                  I  [v1.0.19.300]====================> [reportCallPkg]  START RECORD toPkg:com.exammaster
2026-06-16 19:27:01.876 30112-30451 AdAttr-ToPkgHelper      com.hihonor.id:core                  I  [v1.0.19.300]====================> [reportCallPkg] UPDATE callPkgInfo result:1, toPkg= com.exammaster, CallCount= 6
2026-06-16 19:27:01.994  2192-2414  RenderEngine            surfaceflinger                       D  [com.exammaster/com.exammaster.MainActivity#70123] set isRequiresLinearEffect false when dimming ratio equals 1.
2026-06-16 19:27:01.995  2192-2192  CompositionEngine       surfaceflinger                       W  hnHandleLayerAnimation Animating layer: com.exammaster/com.exammaster.MainActivity#70123 size too small
2026-06-16 19:27:02.376  4550-4891  ConnCureConfigManager   com.hihonor.systemserver             D  isCaredApp: input = com.exammaster
2026-06-16 19:27:02.376  4550-4891  ConnCureConfigManager   com.hihonor.systemserver             D  isCaredApp: input = com.exammaster
2026-06-16 19:27:03.257  3373-4110  InputDispatcher         system_server                        I  publishMotion chanel = bb97d8d com.exammaster/com.exammaster.MainActivity  MotionEntry = MotionEvent  transform =   [1.0000  0.0000  -0.0000]  [0.0000  1.0000  -0.0000]  [0.0000  0.0000  1.0000]
2026-06-16 19:27:03.255 19756-19756 com.exammaster          com.exammaster                       W  type=1400 audit(0.0:403741): avc:  denied  { read } for  name="u:object_r:userdebug_or_eng_prop:s0" dev="tmpfs" ino=674 scontext=u:r:untrusted_app:s0:c79,c257,c512,c768 tcontext=u:object_r:userdebug_or_eng_prop:s0 tclass=file permissive=0 app=vendor.qti.iwlan
2026-06-16 19:27:03.257 19756-19756 libc                    com.exammaster                       W  Access denied finding property "ro.debuggable"
2026-06-16 19:27:03.259 19756-19756 Hwaps                   com.exammaster                       I  APS: EventAnalyzed: initAPS: version is 11.0.0.4
2026-06-16 19:27:03.259  4597-5292  CpuGovernor             com.hihonor.iaware                   D  handleAction: action id=231 time=1781609223259 Flag=1 name=touch_up pkg=bb97d8d com.exammaster/com.exammaster.MainActivity
2026-06-16 19:27:03.260 19756-19756 Hwaps                   com.exammaster                       D  Fpsrequest create,type:EXACTLY_IDENTIFY
2026-06-16 19:27:03.260 19756-19756 Hwaps                   com.exammaster                       D  Fpsrequest create,type:EXACTLY_IDENTIFY
2026-06-16 19:27:03.260 19756-19756 Hwaps                   com.exammaster                       D  Fpsrequest create,type:OPENGL_SETTING
2026-06-16 19:27:03.260 19756-19756 Hwaps                   com.exammaster                       D  FpsController create
2026-06-16 19:27:03.261 19756-19756 Hwaps                   com.exammaster                       D  APS: EventAnalyzed: reInitFpsPara :mBaseFps = 120; mMaxFps = 120
2026-06-16 19:27:03.262 19756-19756 HiTouch_Pr...reDetector com.exammaster                       I  checkDoublePointerLimit: false
2026-06-16 19:27:03.270 19756-19760 com.exammaster          com.exammaster                       W  Missing inline cache for int android.view.InputEventAssigner.processEvent(android.view.InputEvent)
2026-06-16 19:27:03.270 19756-19760 com.exammaster          com.exammaster                       W  Missing inline cache for int android.view.InputEventAssigner.processEvent(android.view.InputEvent)
2026-06-16 19:27:03.270 19756-19760 com.exammaster          com.exammaster                       W  Missing inline cache for int android.view.InputEventAssigner.processEvent(android.view.InputEvent)
2026-06-16 19:27:03.274 19756-19760 com.exammaster          com.exammaster                       W  Missing inline cache for int android.view.ViewRootImpl$EarlyPostImeInputStage.processMotionEvent(android.view.ViewRootImpl$QueuedInputEvent)
2026-06-16 19:27:03.274 19756-19760 com.exammaster          com.exammaster                       W  Missing inline cache for int android.view.ViewRootImpl$EarlyPostImeInputStage.processMotionEvent(android.view.ViewRootImpl$QueuedInputEvent)
2026-06-16 19:27:03.274 19756-19760 com.exammaster          com.exammaster                       W  Missing inline cache for int android.view.ViewRootImpl$EarlyPostImeInputStage.processPointerEvent(android.view.ViewRootImpl$QueuedInputEvent)
2026-06-16 19:27:03.275 19756-19756 HwViewRootImpl          com.exammaster                       D  GPLOG: params  TraceInputParams 0 pkg empty self com.exammaster
2026-06-16 19:27:03.313 19756-19760 com.exammaster          com.exammaster                       W  Missing inline cache for int android.view.ViewRootImpl$SyntheticInputStage.onProcess(android.view.ViewRootImpl$QueuedInputEvent)
2026-06-16 19:27:03.333  3373-4110  InputDispatcher         system_server                        I  publishMotion chanel = bb97d8d com.exammaster/com.exammaster.MainActivity  MotionEntry = MotionEvent  transform =   [1.0000  0.0000  -0.0000]  [0.0000  1.0000  -0.0000]  [0.0000  0.0000  1.0000]
2026-06-16 19:27:03.333 19756-19756 Hwaps                   com.exammaster                       D  APS: EventAnalyzed: registerCallbackInApsManagerService, mPkgName:com.exammaster; result = false
2026-06-16 19:27:03.334 19756-19832 HwApsManager            com.exammaster                       W  HwApsManagerService, registerCallback, start !
2026-06-16 19:27:03.334  4597-5292  CpuGovernor             com.hihonor.iaware                   D  handleAction: action id=232 time=1781609223334 Flag=2 name=touch_down pkg=bb97d8d com.exammaster/com.exammaster.MainActivity
2026-06-16 19:27:03.334  3373-5091  HwApsManagerConfig      system_server                        I  registerCallbackLocked success, pkgName:com.exammaster, callback_count:56
2026-06-16 19:27:03.334  3373-5091  HwApsManagerConfig      system_server                        I  doCallbackAtFirstRegisterLocked, start ! pkgName:com.exammaster
2026-06-16 19:27:03.376 19756-19756 WindowOnBackDispatcher  com.exammaster                       W  OnBackInvokedCallback is not enabled for the application.
                                                                                                    Set 'android:enableOnBackInvokedCallback="true"' in the application manifest.
2026-06-16 19:27:03.381 19756-19756 HwForceDarkManager      com.exammaster                       I  isAppInDarkMode isResUiModeYes: true
2026-06-16 19:27:03.432  4550-4895  NetworkQoeChr           com.hihonor.systemserver             I  handleQoeTraceChange GOOD reason 0 pkg com.exammaster
2026-06-16 19:27:03.433  4550-4895  NetworkQoeChr           com.hihonor.systemserver             I  sendQoeTraceToChr pkg com.exammaster,15424,pre START,cur GOOD,reason 0,remark 
2026-06-16 19:27:03.441 19756-19756 HwForceDarkManager      com.exammaster                       I  isAppInDarkMode isResUiModeYes: true
2026-06-16 19:27:03.455 19756-19756 HwForceDarkManager      com.exammaster                       I  isAppInDarkMode isResUiModeYes: true
2026-06-16 19:27:03.465 19756-19756 HwForceDarkManager      com.exammaster                       I  isAppInDarkMode isResUiModeYes: true
2026-06-16 19:27:03.475 19756-19756 HwForceDarkManager      com.exammaster                       I  isAppInDarkMode isResUiModeYes: true
2026-06-16 19:27:03.484 19756-19756 HwForceDarkManager      com.exammaster                       I  isAppInDarkMode isResUiModeYes: true
2026-06-16 19:27:03.487 19756-19756 HwForceDarkManager      com.exammaster                       I  isAppInDarkMode isResUiModeYes: true
2026-06-16 19:27:03.496 19756-19756 HwForceDarkManager      com.exammaster                       I  isAppInDarkMode isResUiModeYes: true
2026-06-16 19:27:03.496  2192-2414  RenderEngine            surfaceflinger                       D  [com.exammaster/com.exammaster.MainActivity#70123] set isRequiresLinearEffect false when dimming ratio equals 1.
2026-06-16 19:27:03.505 19756-19756 HwForceDarkManager      com.exammaster                       I  isAppInDarkMode isResUiModeYes: true
2026-06-16 19:27:03.513 19756-19756 HwForceDarkManager      com.exammaster                       I  isAppInDarkMode isResUiModeYes: true
2026-06-16 19:27:03.522 19756-19756 HwForceDarkManager      com.exammaster                       I  isAppInDarkMode isResUiModeYes: true
2026-06-16 19:27:03.530 19756-19756 HwForceDarkManager      com.exammaster                       I  isAppInDarkMode isResUiModeYes: true
2026-06-16 19:27:03.538 19756-19756 HwForceDarkManager      com.exammaster                       I  isAppInDarkMode isResUiModeYes: true
2026-06-16 19:27:03.547 19756-19756 HwForceDarkManager      com.exammaster                       I  isAppInDarkMode isResUiModeYes: true
2026-06-16 19:27:03.555 19756-19756 HwForceDarkManager      com.exammaster                       I  isAppInDarkMode isResUiModeYes: true
2026-06-16 19:27:03.563 19756-19756 HwForceDarkManager      com.exammaster                       I  isAppInDarkMode isResUiModeYes: true
2026-06-16 19:27:03.572 19756-19756 HwForceDarkManager      com.exammaster                       I  isAppInDarkMode isResUiModeYes: true
2026-06-16 19:27:03.580 19756-19756 HwForceDarkManager      com.exammaster                       I  isAppInDarkMode isResUiModeYes: true
2026-06-16 19:27:03.588 19756-19756 HwForceDarkManager      com.exammaster                       I  isAppInDarkMode isResUiModeYes: true
2026-06-16 19:27:03.608 19756-19756 HwForceDarkManager      com.exammaster                       I  isAppInDarkMode isResUiModeYes: true
2026-06-16 19:27:03.622 19756-19756 HwForceDarkManager      com.exammaster                       I  isAppInDarkMode isResUiModeYes: true
2026-06-16 19:27:03.630 19756-19756 HwForceDarkManager      com.exammaster                       I  isAppInDarkMode isResUiModeYes: true
2026-06-16 19:27:03.638 19756-19756 HwForceDarkManager      com.exammaster                       I  isAppInDarkMode isResUiModeYes: true
2026-06-16 19:27:03.646 19756-19756 HwForceDarkManager      com.exammaster                       I  isAppInDarkMode isResUiModeYes: true
2026-06-16 19:27:03.655 19756-19756 HwForceDarkManager      com.exammaster                       I  isAppInDarkMode isResUiModeYes: true
2026-06-16 19:27:03.663 19756-19756 HwForceDarkManager      com.exammaster                       I  isAppInDarkMode isResUiModeYes: true
2026-06-16 19:27:03.671 19756-19756 HwForceDarkManager      com.exammaster                       I  isAppInDarkMode isResUiModeYes: true
2026-06-16 19:27:03.680 19756-19756 HwForceDarkManager      com.exammaster                       I  isAppInDarkMode isResUiModeYes: true
2026-06-16 19:27:03.688 19756-19756 HwForceDarkManager      com.exammaster                       I  isAppInDarkMode isResUiModeYes: true
2026-06-16 19:27:03.696 19756-19756 HwForceDarkManager      com.exammaster                       I  isAppInDarkMode isResUiModeYes: true
2026-06-16 19:27:03.705 19756-19756 HwForceDarkManager      com.exammaster                       I  isAppInDarkMode isResUiModeYes: true
2026-06-16 19:27:03.725 19756-19756 HwForceDarkManager      com.exammaster                       I  isAppInDarkMode isResUiModeYes: true
2026-06-16 19:27:03.733 19756-19756 HwForceDarkManager      com.exammaster                       I  isAppInDarkMode isResUiModeYes: true
2026-06-16 19:27:03.738 19756-19756 HwForceDarkManager      com.exammaster                       I  isAppInDarkMode isResUiModeYes: true
2026-06-16 19:27:03.746 19756-19756 HwForceDarkManager      com.exammaster                       I  isAppInDarkMode isResUiModeYes: true
2026-06-16 19:27:03.754 19756-19756 HwForceDarkManager      com.exammaster                       I  isAppInDarkMode isResUiModeYes: true
2026-06-16 19:27:03.763 19756-19756 HwForceDarkManager      com.exammaster                       I  isAppInDarkMode isResUiModeYes: true
2026-06-16 19:27:03.771 19756-19756 HwForceDarkManager      com.exammaster                       I  isAppInDarkMode isResUiModeYes: true
2026-06-16 19:27:03.779 19756-19756 HwForceDarkManager      com.exammaster                       I  isAppInDarkMode isResUiModeYes: true
2026-06-16 19:27:03.788 19756-19756 HwForceDarkManager      com.exammaster                       I  isAppInDarkMode isResUiModeYes: true
2026-06-16 19:27:03.796 19756-19756 HwForceDarkManager      com.exammaster                       I  isAppInDarkMode isResUiModeYes: true
2026-06-16 19:27:03.804 19756-19756 HwForceDarkManager      com.exammaster                       I  isAppInDarkMode isResUiModeYes: true
2026-06-16 19:27:03.813 19756-19756 HwForceDarkManager      com.exammaster                       I  isAppInDarkMode isResUiModeYes: true
2026-06-16 19:27:03.821 19756-19756 HwForceDarkManager      com.exammaster                       I  isAppInDarkMode isResUiModeYes: true
2026-06-16 19:27:03.839 19756-19756 HwForceDarkManager      com.exammaster                       I  isAppInDarkMode isResUiModeYes: true
2026-06-16 19:27:03.846 19756-19756 HwForceDarkManager      com.exammaster                       I  isAppInDarkMode isResUiModeYes: true
2026-06-16 19:27:03.854 19756-19756 HwForceDarkManager      com.exammaster                       I  isAppInDarkMode isResUiModeYes: true
2026-06-16 19:27:03.862 19756-19756 HwForceDarkManager      com.exammaster                       I  isAppInDarkMode isResUiModeYes: true
2026-06-16 19:27:03.871 19756-19756 HwForceDarkManager      com.exammaster                       I  isAppInDarkMode isResUiModeYes: true
2026-06-16 19:27:03.879 19756-19756 HwForceDarkManager      com.exammaster                       I  isAppInDarkMode isResUiModeYes: true
2026-06-16 19:27:03.887 19756-19756 HwForceDarkManager      com.exammaster                       I  isAppInDarkMode isResUiModeYes: true
2026-06-16 19:27:03.896 19756-19756 HwForceDarkManager      com.exammaster                       I  isAppInDarkMode isResUiModeYes: true
2026-06-16 19:27:03.904 19756-19756 HwForceDarkManager      com.exammaster                       I  isAppInDarkMode isResUiModeYes: true
2026-06-16 19:27:03.912 19756-19756 HwForceDarkManager      com.exammaster                       I  isAppInDarkMode isResUiModeYes: true
2026-06-16 19:27:03.921 19756-19756 HwForceDarkManager      com.exammaster                       I  isAppInDarkMode isResUiModeYes: true
2026-06-16 19:27:03.929 19756-19756 HwForceDarkManager      com.exammaster                       I  isAppInDarkMode isResUiModeYes: true
2026-06-16 19:27:03.937 19756-19756 HwForceDarkManager      com.exammaster                       I  isAppInDarkMode isResUiModeYes: true
2026-06-16 19:27:03.950 19756-19756 HwForceDarkManager      com.exammaster                       I  isAppInDarkMode isResUiModeYes: true
2026-06-16 19:27:03.963 19756-19756 HwForceDarkManager      com.exammaster                       I  isAppInDarkMode isResUiModeYes: true
2026-06-16 19:27:03.970 19756-19756 HwForceDarkManager      com.exammaster                       I  isAppInDarkMode isResUiModeYes: true
2026-06-16 19:27:03.979 19756-19756 HwForceDarkManager      com.exammaster                       I  isAppInDarkMode isResUiModeYes: true
2026-06-16 19:27:03.987 19756-19756 HwForceDarkManager      com.exammaster                       I  isAppInDarkMode isResUiModeYes: true
2026-06-16 19:27:03.995 19756-19756 HwForceDarkManager      com.exammaster                       I  isAppInDarkMode isResUiModeYes: true
2026-06-16 19:27:04.004 19756-19756 HwForceDarkManager      com.exammaster                       I  isAppInDarkMode isResUiModeYes: true
2026-06-16 19:27:04.012 19756-19756 HwForceDarkManager      com.exammaster                       I  isAppInDarkMode isResUiModeYes: true
2026-06-16 19:27:04.020 19756-19756 HwForceDarkManager      com.exammaster                       I  isAppInDarkMode isResUiModeYes: true
2026-06-16 19:27:04.029 19756-19756 HwForceDarkManager      com.exammaster                       I  isAppInDarkMode isResUiModeYes: true
2026-06-16 19:27:04.037 19756-19756 HwForceDarkManager      com.exammaster                       I  isAppInDarkMode isResUiModeYes: true
2026-06-16 19:27:04.045 19756-19756 HwForceDarkManager      com.exammaster                       I  isAppInDarkMode isResUiModeYes: true
2026-06-16 19:27:04.058 19756-19756 HwForceDarkManager      com.exammaster                       I  isAppInDarkMode isResUiModeYes: true
2026-06-16 19:27:04.069 19756-19756 HwForceDarkManager      com.exammaster                       I  isAppInDarkMode isResUiModeYes: true
2026-06-16 19:27:04.071 19756-19756 HwForceDarkManager      com.exammaster                       I  isAppInDarkMode isResUiModeYes: true
2026-06-16 19:27:04.078 19756-19756 HwForceDarkManager      com.exammaster                       I  isAppInDarkMode isResUiModeYes: true
2026-06-16 19:27:04.147 19756-19756 HwForceDarkManager      com.exammaster                       I  isAppInDarkMode isResUiModeYes: true
2026-06-16 19:27:04.181 19756-19756 HwForceDarkManager      com.exammaster                       I  isAppInDarkMode isResUiModeYes: true
2026-06-16 19:27:04.537  3373-4110  InputDispatcher         system_server                        I  publishMotion chanel = bb97d8d com.exammaster/com.exammaster.MainActivity  MotionEntry = MotionEvent  transform =   [1.0000  0.0000  -0.0000]  [0.0000  1.0000  -0.0000]  [0.0000  0.0000  1.0000]
2026-06-16 19:27:04.538 19756-19756 HiTouch_Pr...reDetector com.exammaster                       I  checkDoublePointerLimit: false
2026-06-16 19:27:04.540  4597-5292  CpuGovernor             com.hihonor.iaware                   D  handleAction: action id=231 time=1781609224539 Flag=1 name=touch_up pkg=bb97d8d com.exammaster/com.exammaster.MainActivity
2026-06-16 19:27:04.560 19756-19756 InputEventReceiver      com.exammaster                       W  channel 'bb97d8d com.exammaster/com.exammaster.MainActivity' ~ not consumeBatches, dispatchBatchedInputEvent
2026-06-16 19:27:04.577 19756-19756 HiTouch_Pr...reDetector com.exammaster                       W  [HiTouch Stop]checkDoublePointerMove
2026-06-16 19:27:04.581 19756-19756 HwForceDarkManager      com.exammaster                       I  isAppInDarkMode isResUiModeYes: true
2026-06-16 19:27:04.593 19756-19756 HwForceDarkManager      com.exammaster                       I  isAppInDarkMode isResUiModeYes: true
2026-06-16 19:27:04.595 19756-19760 com.exammaster          com.exammaster                       W  Missing inline cache for boolean android.widget.EdgeEffect.draw(android.graphics.Canvas)
2026-06-16 19:27:04.596 19756-19756 HwForceDarkManager      com.exammaster                       I  isAppInDarkMode isResUiModeYes: true
2026-06-16 19:27:04.601 19756-19756 InputEventReceiver      com.exammaster                       W  channel 'bb97d8d com.exammaster/com.exammaster.MainActivity' ~ not consumeBatches, dispatchBatchedInputEvent
2026-06-16 19:27:04.603 19756-19756 HwForceDarkManager      com.exammaster                       I  isAppInDarkMode isResUiModeYes: true
2026-06-16 19:27:04.612 19756-19756 HwForceDarkManager      com.exammaster                       I  isAppInDarkMode isResUiModeYes: true
2026-06-16 19:27:04.622 19756-19756 HwForceDarkManager      com.exammaster                       I  isAppInDarkMode isResUiModeYes: true
2026-06-16 19:27:04.630 19756-19760 com.exammaster          com.exammaster                       W  Missing inline cache for void kotlinx.coroutines.DispatchedTaskKt.dispatch(kotlinx.coroutines.DispatchedTask, int)
2026-06-16 19:27:04.631 19756-19756 HwForceDarkManager      com.exammaster                       I  isAppInDarkMode isResUiModeYes: true
2026-06-16 19:27:04.638 19756-19756 HwForceDarkManager      com.exammaster                       I  isAppInDarkMode isResUiModeYes: true
2026-06-16 19:27:04.647 19756-19756 HwForceDarkManager      com.exammaster                       I  isAppInDarkMode isResUiModeYes: true
2026-06-16 19:27:04.655 19756-19756 HwForceDarkManager      com.exammaster                       I  isAppInDarkMode isResUiModeYes: true
2026-06-16 19:27:04.664 19756-19756 HwForceDarkManager      com.exammaster                       I  isAppInDarkMode isResUiModeYes: true
2026-06-16 19:27:04.671 19756-19756 HwForceDarkManager      com.exammaster                       I  isAppInDarkMode isResUiModeYes: true
2026-06-16 19:27:04.679 19756-19756 HwForceDarkManager      com.exammaster                       I  isAppInDarkMode isResUiModeYes: true
2026-06-16 19:27:04.686  3373-4110  InputDispatcher         system_server                        I  publishMotion chanel = bb97d8d com.exammaster/com.exammaster.MainActivity  MotionEntry = MotionEvent  transform =   [1.0000  0.0000  -0.0000]  [0.0000  1.0000  -0.0000]  [0.0000  0.0000  1.0000]
2026-06-16 19:27:04.686  4597-5292  CpuGovernor             com.hihonor.iaware                   D  handleAction: action id=232 time=1781609224686 Flag=2 name=touch_down pkg=bb97d8d com.exammaster/com.exammaster.MainActivity
