2026-06-16 19:27:00.203  3373-4755  ActivityManager         system_server                        I  setPackageStoppedState, package:com.exammaster user:0 callingPackage:1000 CallingUid:1000 callingPid:19728
2026-06-16 19:27:00.203  3373-4755  ActivityManager         system_server                        I  Force stopping com.exammaster appid=10335 user=0: from pid 19728by app
2026-06-16 19:27:00.205  3373-4755  AppsFilter              system_server                        I  interaction: PackageSetting{cb45a59 com.android.microdroid.empty_payload/10196} -> PackageSetting{9a75565 com.exammaster/10335} BLOCKED
2026-06-16 19:27:00.212  4680-4680  CarrierSvcBindHelper    com.android.phone                    D  onHandleForceStop: [com.exammaster]
2026-06-16 19:27:00.270  3373-4755  ActivityManager         system_server                        I  setPackageStoppedState, package:com.exammaster user:0 callingPackage:1000 CallingUid:1000 callingPid:19742
2026-06-16 19:27:00.270  3373-4755  ActivityManager         system_server                        I  Force stopping com.exammaster appid=10335 user=0: from pid 19742by app
2026-06-16 19:27:00.273  3373-4755  AppsFilter              system_server                        I  interaction: PackageSetting{cb45a59 com.android.microdroid.empty_payload/10196} -> PackageSetting{9a75565 com.exammaster/10335} BLOCKED
2026-06-16 19:27:00.278  4550-4550  HwCoreAppHelperService  com.hihonor.systemserver             I  LocalReceiver receives:android.intent.action.PACKAGE_RESTARTED,pkg:com.exammaster,uid:10335
2026-06-16 19:27:00.315  3373-4755  ActivityTaskManager     system_server                        I  START u0 {act=android.intent.action.MAIN cat=[android.intent.category.LAUNCHER] flg=0x10000000 xflg=0x4 cmp=com.exammaster/.MainActivity} with LAUNCH_MULTIPLE from uid 2000
2026-06-16 19:27:00.316  4550-4550  HwCoreAppHelperService  com.hihonor.systemserver             I  LocalReceiver receives:android.intent.action.PACKAGE_RESTARTED,pkg:com.exammaster,uid:10335
2026-06-16 19:27:00.316  3373-3480  ActivityManager         system_server                        D  unfreeze for speed up, uid: 10335 pkg: com.exammaster
2026-06-16 19:27:00.316  2608-2645  AwareLog                hwpged                               D  get pte args: startType=0, uid=10335, pid=0, packageName=com.exammaster, fileName=com.exammaster
2026-06-16 19:27:00.316  2608-2647  hwpged                  hwpged                               D  do pte preread content storePath /data/system/iaware/fmps/com.exammaster/com.exammaster
2026-06-16 19:27:00.317  3373-4755  ActivityTaskManager     system_server                        I  ActivityRecord info: ActivityInfo{6450427 com.exammaster.MainActivity}
2026-06-16 19:27:00.318  4597-4899  ModuleManager           com.hihonor.iaware                   I  send message to front queue, action :  action id=245 time=1781609220318 Flag=3 name=start_speedup pkg=com.exammaster
2026-06-16 19:27:00.318  4597-5292  CpuGovernor             com.hihonor.iaware                   D  handleAction: action id=245 time=1781609220318 Flag=3 name=start_speedup pkg=com.exammaster
2026-06-16 19:27:00.319  3373-4755  ActivityTaskManager     system_server                        D  TaskLaunchParamsModifier:task=null activity=ActivityRecord{265344724 u0 com.exammaster/.MainActivity display-area-from-current-params=null display-area-from-default-fallback=DefaultTaskDisplayArea@195326808 display-id=0 task-display-area-windowing-mode=1 suggested-display-area=DefaultTaskDisplayArea@195326808
2026-06-16 19:27:00.319  2608-2647  hwpged                  hwpged                               E  fmps_iterate_record_data find ino-changed-file path:/data/data/com.exammaster/code_cache/.overlay/base.apk/classes9.dex
2026-06-16 19:27:00.319  2608-2647  hwpged                  hwpged                               E  fmps_iterate_record_data find ino-changed-file path:/data/data/com.exammaster/code_cache/.overlay/base.apk/classes5.dex
2026-06-16 19:27:00.319  2608-2647  hwpged                  hwpged                               E  fmps_iterate_record_data find ino-changed-file path:/data/data/com.exammaster/code_cache/startup_agents/c52d6b25-agent.so
2026-06-16 19:27:00.319  2608-2647  hwpged                  hwpged                               E  fmps_iterate_record_data find ino-changed-file path:/data/data/com.exammaster/databases/exam_database-wal
2026-06-16 19:27:00.319  3373-4755  ActivityStarter         system_server                        I  shouldShowFreeformWindow realCallingPackage = isRes= true rotation= 0 orientation = -1 isPortarait = false sourceRecord = null isMagicWin = false isForceRotation = false r.packageName = com.exammaster isAE= false sourceLaunchedFromPackage=  isInBlackList= false isInPartialSplitScreen= false r.info = ActivityInfo{6450427 com.exammaster.MainActivity}
2026-06-16 19:27:00.319  3373-4755  ActivityTaskManager     system_server                        D  TaskLaunchParamsModifier:task=null activity=ActivityRecord{265344724 u0 com.exammaster/.MainActivity t-1} display-area-from-current-params=null display-area-from-default-fallback=DefaultTaskDisplayArea@195326808 display-id=0 task-display-area-windowing-mode=1 suggested-display-area=DefaultTaskDisplayArea@195326808 non-freeform-task-display-area display-area=DefaultTaskDisplayArea@195326808 default-portrait freeform-size-mismatch=Rect(321, 772 - 936, 2028)
2026-06-16 19:27:00.321  3373-4755  ActivityTaskManager     system_server                        I  start activity to=com.exammaster
2026-06-16 19:27:00.321  3373-4755  HwTaskEx                system_server                        I  setStartActivityRecord mActivityRecord = com.exammaster
2026-06-16 19:27:00.321  3373-4755  ActivityTaskManager     system_server                        I  start activity name =com.exammaster.MainActivity
2026-06-16 19:27:00.321  3373-4755  HwTaskEx                system_server                        I  setStartActivityName mStartActivityName = com.exammaster.MainActivity
2026-06-16 19:27:00.321  3373-4755  ActivityTaskManager     system_server                        D  TaskLaunchParamsModifier:task=Task{8f3bbc3 #1463 type=standard A=10335:com.exammaster} activity=ActivityRecord{265344724 u0 com.exammaster/.MainActivity t-1} display-from-task=0 display-id=0 task-display-area-windowing-mode=1 suggested-display-area=DefaultTaskDisplayArea@195326808 inherit-from-task=fullscreen non-freeform-task-display-area display-area=DefaultTaskDisplayArea@195326808 default-portrait freeform-size-mismatch=Rect(321, 772 - 936, 2028)
2026-06-16 19:27:00.322  3373-4755  ActivityTaskManager     system_server                        I  onConfigurationChanged recordWindowInformationForPerformance this = ActivityRecord{265344724 u0 com.exammaster/.MainActivity t1463}
2026-06-16 19:27:00.322  2192-2404  SurfaceFlinger          surfaceflinger                       I  createLayer layername: ActivityRecord{265344724 u0 com.exammaster/.MainActivity t1463} address = 0xb4000073882b41e0
2026-06-16 19:27:00.322  3373-4755  HwTaskEx                system_server                        I  setIsEmptyTaskStartFromRecentForDesktop mStack: Task{8f3bbc3 #1463 type=standard A=10335:com.exammaster} isEmptyTaskStartFromRecentForDesktop:false
2026-06-16 19:27:00.322  3373-4755  ActivityTaskManager     system_server                        I  HWMW_startActivityInner POLICY_UPDATE_INTENT mSourceRecord null
                                                                                                     topFocused ActivityRecord{174978205 u0 com.hihonor.android.launcher/.unihome.UniHomeLauncher t1340}
                                                                                                     mStartActivity ActivityRecord{265344724 u0 com.exammaster/.MainActivity t1463}
2026-06-16 19:27:00.323  3373-4755  HWMW_HwMag...nAmsPolicy system_server                        I  ### Execute -> overrideIntentForHwMagicWin, focusToken: Token{c67085e ActivityRecord{174978205 u0 com.hihonor.android.launcher/.unihome.UniHomeLauncher t1340}}, reusedToken: null, isNewTask: true, topFocused: ActivityRecord{174978205 u0 com.hihonor.android.launcher/.unihome.UniHomeLauncher t1340}, next: ActivityRecord{265344724 u0 com.exammaster/.MainActivity t1463}, options: ActivityOptions(103638905), mPackageName=null, mAnimationType=-1, mStartX=0, mStartY=0, mWidth=0, mHeight=0, mLaunchDisplayId=-1
2026-06-16 19:27:00.323  3373-4755  HwActivity...rServiceEx system_server                        I  [snapshot cache] activity = ActivityRecord{265344724 u0 com.exammaster/.MainActivity t1463} can not find SnapshotCache.
2026-06-16 19:27:00.323  3373-4755  ActivityTaskManager     system_server                        V  send message to startProcess activity.processName=com.exammaster
2026-06-16 19:27:00.324  3373-3459  ActivityManager         system_server                        V  startProcess: name=com.exammaster app=null knownToBeDead=false thread=null pid=-1 preloadStatus=-1
2026-06-16 19:27:00.326  3373-3481  HWMW_HwMag...nAmsPolicy system_server                        I  ### Execute -> overrideArgsForHwMagicWin, info: ApplicationInfo{3302c6c com.exammaster}
2026-06-16 19:27:00.327  3373-3459  PackageManager          system_server                        I  unstopped app :com.exammaster , last stopped by 1000
2026-06-16 19:27:00.327  3373-3459  AppsFilter              system_server                        I  interaction: PackageSetting{cb45a59 com.android.microdroid.empty_payload/10196} -> PackageSetting{940235 com.exammaster/10335} BLOCKED
2026-06-16 19:27:00.328  4536-5181  ShellStartingWindow     com.android.systemui                 I   getFromCache,hash: 1439455509 ,packageName: com.exammaster ,result: fffafafa ,configHash: 1342260638 ,windowBgColor: 0 ,windowBgResId: 17171191
2026-06-16 19:27:00.328  4536-5113  WindowManagerShell      com.android.systemui                 V  Transition requested (#3446): android.os.BinderProxy@477aea3 TransitionRequestInfo { type = OPEN, triggerTask = TaskInfo{userId=0 taskId=1463 effectiveUid=10335 displayId=0 isRunning=true baseIntent=Intent { act=android.intent.action.MAIN cat=[android.intent.category.LAUNCHER] flg=0x10000000 cmp=com.exammaster/.MainActivity } baseActivity=ComponentInfo{com.exammaster/com.exammaster.MainActivity} topActivity=ComponentInfo{com.exammaster/com.exammaster.MainActivity} origActivity=null realActivity=ComponentInfo{com.exammaster/com.exammaster.MainActivity} launchedFromPackage=com.android.shell forceRotateMode=-1 numActivities=1 lastActiveTime=266346663 isSupportsHwFreeForm=true supportsHnSplitScreenMultiWindow=true supportsHnTopBotSplitScreenfalse supportsMultiWindow=true resizeMode=1 isResizeable=true minWidth=-1 minHeight=-1 defaultMinSize=220 token=WCT{android.window.IWindowContainerToken$Stub$Proxy@caaf685} topActivityType=1 pictureInPictureParams=null isAutoRemoveRecents=false shouldDockBigOverlays=false launchIntoPipHostTaskId=-1 lastParentTaskIdBeforePip=-1 displayCutoutSafeInsets=Rect(0, 119 - 0, 0) topActivityInfo=ActivityInfo{bc5acda com.exammaster.MainActivity} windowMode=1 launchCookies=[] positionInParent=Point(0, 0) parentTaskId=-1 isFocused=false isVisible=false isFreeformEnterPip=false isVisibleRequested=false isTopActivityNoDisplay=false isSleeping=false locusId=null displayAreaFeatureId=1 isTopActivityTransparent=false isActivityStackTransparent=false lastNonFullscreenBounds=Rect(321, 772 - 936, 2028) capturedLink=null capturedLinkTimestamp=0 requestedVisibleTypes=-9 topActivityRequestOpenInBrowserEducationTimestamp=0 appCompatTaskInfo=AppCompatTaskInfo { topActivityInSizeCompat=false eligibleForLetterboxEducation= false isLetterboxEducationEnabled= false isLetterboxDoubleTapEnabled= false eligibleForUserAspectRatioButton= false topActivityBoundsLetterboxed= false isFromLetterboxDoubleTap= false topActivityLetterboxVerticalPosition= -1 topActivityLetterboxHorizontalPosition= -1 topActivityLetterboxWidth=-1 topActivityLetterboxHeight=-1 topActivityAppBounds=Rect(0, 119 - 1256, 2682) isUserFullscreenOverrideEnabled=false isSystemFullscreenOverrideEnabled=false hasMinAspectRatioOverride=false topActivityLetterboxBounds=null cameraCompatTaskInfo=CameraCompatTaskInfo { freeformCameraCompatMode=inactive}} topActivityMainWindowFrame=null hnTaskInfoEx=HnTaskInfoEx{freeformPaddingType=0 shouldFreeformSetSurfaceCorner=false affinity=10335:com.exammaster shouldBeVisible=true appOrientationPolicy=1 gridLimitedPolicy=-1 forceResize=-1 extraPackageName=null extraUserId=0 shouldExitMiniWindow=false mIsCustomizedFreeformWindow=false mCustomizedWindowProp=null isDeskTopFreeformAlive=false isSupportDesktopModeFreeform=true isCallerRecents=false isNeedLaunchInSamePosition=false isDisableNotSupportToast=false isNeedLaunchInCaller=false isExitDesktopModeWhenStart=false isSupportLandScapeFreeform=true isSupportLandScapeFreeformLikePC=false isEmptyTaskStartFromRecentForDesktop=false mIsLauncherFromHnEmbedded=false isSupportForceLandscapeFreeformForPad=false mCallerPackageName=com.android.shell mIsTempSplitScreen=false mIsCreatedByOrganizer=false isSupportSave=true isSupportForceLaunchInFreeformInDesktopMode=false shouldHideWindowDecorForDesktop=false desktopTemplateSteplessRatio=0 mShouldNotHandledForDesktop=0 mNotSupportExpandSplitScreen=false isNotAllowFreeSplitScreen=false isSupportFoldItSplitScreen=true isSupportsHnFreeform=true isTopClearAndUnSupportExpandSplitScreen=false mTopActivityName=null mNotSupportMagicWinInExtendedSplit=false mIsReorderLayerPendingSplit=false mIsFullToFreeformSpecialTask=false isDesktopFirstStartMode=-1 isTopActivityImmersive=false isActivityUnSupportHnDesktopModeFreeForm=false mIgnoreLandscapeFreeformSwitch=false mMiniProgramKeyAppIAd=null mMiniProgramId=null mSupportAdjustSplitScreenRatioAtPhoneLand=false isDesktopEnableDensityMode:-1 isSkipCompleteDecorationModeFreeformfalse} targetScaleForVerticalInwardFold=1.0}, pipChange = null, remoteTransition 
2026-06-16 19:27:00.332  3373-3401  HwWindowStateEx         system_server                        D  construct win com.android.server.wm.HwWindowStateEx@3bd316e,comp ComponentInfo{com.exammaster/com.exammaster.MainActivity},mLayoutInCutoutLandscape false
2026-06-16 19:27:00.333  2192-2404  SurfaceFlinger          surfaceflinger                       I  createLayer layername: 5b1c00f Splash Screen com.exammaster address = 0xb4000073882b7970
2026-06-16 19:27:00.333  3373-3401  HWMW_OrientationPolicy  system_server                        W  checkMagicOrientation return, ar: ActivityRecord{265344724 u0 com.exammaster/.MainActivity t1463}, container: null
2026-06-16 19:27:00.333  3373-3401  HWMW_OrientationPolicy  system_server                        W  checkMagicOrientation return, ar: ActivityRecord{265344724 u0 com.exammaster/.MainActivity t1463}, container: null
2026-06-16 19:27:00.333  3373-3401  WindowManager           system_server                        I  surfaceControl level and imeTarget current state ,  imeTarget =Window{5b1c00f u0 Splash Screen com.exammaster}
2026-06-16 19:27:00.333  3373-3401  HWMW_OrientationPolicy  system_server                        W  checkMagicOrientation return, ar: ActivityRecord{265344724 u0 com.exammaster/.MainActivity t1463}, container: null
2026-06-16 19:27:00.333  3373-3401  HWMW_OrientationPolicy  system_server                        W  checkMagicOrientation return, ar: ActivityRecord{265344724 u0 com.exammaster/.MainActivity t1463}, container: null
2026-06-16 19:27:00.336  3373-3481  ActivityManager         system_server                        I  Start proc 19756:com.exammaster/u0a335 for next-top-activity {com.exammaster/com.exammaster.MainActivity}
2026-06-16 19:27:00.336  3373-3481  SWAP_SCENE              system_server                        I  Entering notifySceneData. EventType: PROCESS_CREATE app: com.exammaster uid: 10335
2026-06-16 19:27:00.336  3373-3481  HwActivity...rServiceEx system_server                        I  notifyProcessStatusChange::pkg:com.exammaster pid:19756 uid:10335
2026-06-16 19:27:00.336  3373-6409  SWAP_SCENE              system_server                        I  Entering appColdCheck cold! appName:com.exammaster
2026-06-16 19:27:00.337  4597-5292  AppManager              com.hihonor.iaware                   I  com.exammaster start, add dependence to 19756 now.
2026-06-16 19:27:00.337  3373-6409  SWAP_CgroupV2KernelInf  system_server                        I  addMemcgIdToMap: com.exammaster,10335,179
2026-06-16 19:27:00.337  3373-6409  SWAP_CgroupV2KernelInf  system_server                        I  mkdir for com.exammaster success
2026-06-16 19:27:00.337  3373-6409  SWAP_SCENE              system_server                        I  Entering appColdCheck cold! Mkdir. appName:com.exammaster
2026-06-16 19:27:00.338 19756-19756 Zygote                  com.exammaster                       I  MountEmulatedStorage
2026-06-16 19:27:00.338 19756-19756 Zygote                  com.exammaster                       I  mount_data_dirs
2026-06-16 19:27:00.339 19756-19756 Zygote                  com.exammaster                       I  mount_storage_dirs
2026-06-16 19:27:00.339 19756-19756 Zygote                  com.exammaster                       I  PreInitializeNativeBridge
2026-06-16 19:27:00.342  2192-2404  SurfaceFlinger          surfaceflinger                       I  createLayer layername: Splash Screen com.exammaster address = 0xb40000738830e680
2026-06-16 19:27:00.343  3373-3401  WindowManager           system_server                        I  surfaceControl level and imeTarget current state ,  imeTarget =Window{5b1c00f u0 Splash Screen com.exammaster}
2026-06-16 19:27:00.343  3373-3401  HWMW_OrientationPolicy  system_server                        W  checkMagicOrientation return, ar: ActivityRecord{265344724 u0 com.exammaster/.MainActivity t1463}, container: null
2026-06-16 19:27:00.343  3373-3401  HWMW_OrientationPolicy  system_server                        W  checkMagicOrientation return, ar: ActivityRecord{265344724 u0 com.exammaster/.MainActivity t1463}, container: null
2026-06-16 19:27:00.343  3373-3401  SurfaceControl          system_server                        I  nativeRelease 0xb4000076f5b8ff30 count: 1 name: Splash Screen com.exammaster#70117
2026-06-16 19:27:00.344 19756-19756 Zygote                  com.exammaster                       I  CallStaticVoidMethod
2026-06-16 19:27:00.344 19756-19756 com.exammaster          com.exammaster                       I  Late-enabling -Xcheck:jni
2026-06-16 19:27:00.344  4536-5173  VRI[exammaster]         com.android.systemui                 V  Applying new config to window Splash Screen com.exammaster, globalConfig: {1.0 460mcc2mnc [zh_CN_#Hans,zh_CN_#Hant,ug_CN] ldltr sw359dp w359dp h789dp 560dpi nrml long hdr widecg port night finger -keyb/v/h -nav/h winConfig={ mBounds=Rect(0, 0 - 1256, 2760) mAppBounds=Rect(0, 0 - 1256, 2760) mMaxBounds=Rect(0, 0 - 1256, 2760) mDisplayRotation=ROTATION_0 mWindowingMode=fullscreen mActivityType=undefined mAlwaysOnTop=undefined mRotation=ROTATION_0 mPopOverMode=undefined} suim:1 fontWeightScale:100 changeUserFlag:0 changeUiModeFlag:0 fullScreenVideoFlag:0 splitScreenState:-1 landScapeFreeformFlag:1 hoverMode:0 changeIconStyleFlag:0 changeThemeStyleFlag:0 transparentMode:2097152 s.6165 fontWeightAdjustment=0}, overrideConfig: {1.0 460mcc2mnc [zh_CN_#Hans,zh_CN_#Hant,ug_CN] ldltr sw359dp w359dp h732dp 560dpi nrml long hdr widecg port night finger -keyb/v/h -nav/h winConfig={ mBounds=Rect(0, 0 - 1256, 2760) mAppBounds=Rect(0, 119 - 1256, 2682) mMaxBounds=Rect(0, 0 - 1256, 2760) mDisplayRotation=ROTATION_0 mWindowingMode=fullscreen mActivityType=standard mAlwaysOnTop=undefined mRotation=ROTATION_0 mPopOverMode=undefined} suim:1 fontWeightScale:100 changeUserFlag:0 changeUiModeFlag:0 fullScreenVideoFlag:0 splitScreenState:0 landScapeFreeformFlag:1 hoverMode:0 changeIconStyleFlag:0 changeThemeStyleFlag:0 transparentMode:2097152 s.2 fontWeightAdjustment=0}
2026-06-16 19:27:00.347  4536-5173  DE_TS HnDi...ineManager com.android.systemui                 I  init eye protection mode:Splash Screen com.exammaster
2026-06-16 19:27:00.348  3373-3460  TaskOrganizerController system_server                        D  onTaskAppeared add task: Task{8f3bbc3 #1463 type=standard A=10335:com.exammaster} called by :com.android.server.wm.Task.sendTaskAppeared:5622 com.android.server.wm.Task.setDeferTaskAppear:5591 com.android.server.wm.Transition.commitVisibleActivities:3143 com.android.server.wm.Transition.onTransactionReady:2454 com.android.server.wm.BLASTSyncEngine$SyncGroup.finishNow:432 com.android.server.wm.BLASTSyncEngine$SyncGroup.tryFinish:277 com.android.server.wm.BLASTSyncEngine$SyncGroup.-$$Nest$mtryFinish:0 com.android.server.wm.BLASTSyncEngine.onSurfacePlacement:821 
2026-06-16 19:27:00.349  3373-3460  HwWindowMa...rServiceEx system_server                        D  constructHnTransitionAnimationInfo type: open activity : ActivityRecord{265344724 u0 com.exammaster/.MainActivity t1463}, isSplitMode : false
2026-06-16 19:27:00.349  3373-3454  WindowManager           system_server                        V  Sent Transition (#3446) createdAt=06-16 19:27:00.318 via request=TransitionRequestInfo { type = OPEN, triggerTask = TaskInfo{userId=0 taskId=1463 effectiveUid=10335 displayId=0 isRunning=true baseIntent=Intent { act=android.intent.action.MAIN cat=[android.intent.category.LAUNCHER] flg=0x10000000 cmp=com.exammaster/.MainActivity } baseActivity=ComponentInfo{com.exammaster/com.exammaster.MainActivity} topActivity=ComponentInfo{com.exammaster/com.exammaster.MainActivity} origActivity=null realActivity=ComponentInfo{com.exammaster/com.exammaster.MainActivity} launchedFromPackage=com.android.shell forceRotateMode=-1 numActivities=1 lastActiveTime=266346663 isSupportsHwFreeForm=true supportsHnSplitScreenMultiWindow=true supportsHnTopBotSplitScreenfalse supportsMultiWindow=true resizeMode=1 isResizeable=true minWidth=-1 minHeight=-1 defaultMinSize=220 token=WCT{RemoteToken{5789288 Task{8f3bbc3 #1463 type=standard A=10335:com.exammaster}}} topActivityType=1 pictureInPictureParams=null isAutoRemoveRecents=false shouldDockBigOverlays=false launchIntoPipHostTaskId=-1 lastParentTaskIdBeforePip=-1 displayCutoutSafeInsets=Rect(0, 119 - 0, 0) topActivityInfo=ActivityInfo{6450427 com.exammaster.MainActivity} windowMode=1 launchCookies=[] positionInParent=Point(0, 0) parentTaskId=-1 isFocused=false isVisible=false isFreeformEnterPip=false isVisibleRequested=false isTopActivityNoDisplay=false isSleeping=false locusId=null displayAreaFeatureId=1 isTopActivityTransparent=false isActivityStackTransparent=false lastNonFullscreenBounds=Rect(321, 772 - 936, 2028) capturedLink=null capturedLinkTimestamp=0 requestedVisibleTypes=-9 topActivityRequestOpenInBrowserEducationTimestamp=0 appCompatTaskInfo=AppCompatTaskInfo { topActivityInSizeCompat=false eligibleForLetterboxEducation= false isLetterboxEducationEnabled= false isLetterboxDoubleTapEnabled= false eligibleForUserAspectRatioButton= false topActivityBoundsLetterboxed= false isFromLetterboxDoubleTap= false topActivityLetterboxVerticalPosition= -1 topActivityLetterboxHorizontalPosition= -1 topActivityLetterboxWidth=-1 topActivityLetterboxHeight=-1 topActivityAppBounds=Rect(0, 119 - 1256, 2682) isUserFullscreenOverrideEnabled=false isSystemFullscreenOverrideEnabled=false hasMinAspectRatioOverride=false topActivityLetterboxBounds=null cameraCompatTaskInfo=CameraCompatTaskInfo { freeformCameraCompatMode=inactive}} topActivityMainWindowFrame=null hnTaskInfoEx=HnTaskInfoEx{freeformPaddingType=0 shouldFreeformSetSurfaceCorner=false affinity=10335:com.exammaster shouldBeVisible=true appOrientationPolicy=1 gridLimitedPolicy=-1 forceResize=-1 extraPackageName=null extraUserId=0 shouldExitMiniWindow=false mIsCustomizedFreeformWindow=false mCustomizedWindowProp=null isDeskTopFreeformAlive=false isSupportDesktopModeFreeform=true isCallerRecents=false isNeedLaunchInSamePosition=false isDisableNotSupportToast=false isNeedLaunchInCaller=false isExitDesktopModeWhenStart=false isSupportLandScapeFreeform=true isSupportLandScapeFreeformLikePC=false isEmptyTaskStartFromRecentForDesktop=false mIsLauncherFromHnEmbedded=false isSupportForceLandscapeFreeformForPad=false mCallerPackageName=com.android.shell mIsTempSplitScreen=false mIsCreatedByOrganizer=false isSupportSave=true isSupportForceLaunchInFreeformInDesktopMode=false shouldHideWindowDecorForDesktop=false desktopTemplateSteplessRatio=0 mShouldNotHandledForDesktop=0 mNotSupportExpandSplitScreen=false isNotAllowFreeSplitScreen=false isSupportFoldItSplitScreen=true isSupportsHnFreeform=true isTopClearAndUnSupportExpandSplitScreen=false mTopActivityName=null mNotSupportMagicWinInExtendedSplit=false mIsReorderLayerPendingSplit=false mIsFullToFreeformSpecialTask=false isDesktopFirstStartMode=-1 isTopActivityImmersive=false isActivityUnSupportHnDesktopModeFreeForm=false mIgnoreLandscapeFreeformSwitch=false mMiniProgramKeyAppIAd=null mMiniProgramId=null mSupportAdjustSplitScreenRatioAtPhoneLand=false isDesktopEnableDensityMode:-1 isSkipCompleteDecorationModeFreeformfalse} targetScaleForVerticalInwardFold=1.0}, pipChange = nu
2026-06-16 19:27:00.350  3373-3454  WindowManager           system_server                        V      info={id=3446 t=OPEN f=0x0 trk=0 includeEmbeddedWindow=false isKeyGuardLocked=false r=[0@Point(0, 0)#false] c=[
                                                                                                            {WCT{RemoteToken{5789288 Task{8f3bbc3 #1463 type=standard A=10335:com.exammaster}}} m=OPEN f=NONE leash=Surface(name=Task=1463)/@0xe2c0421 sb=Rect(0, 0 - 1256, 2760) eb=Rect(0, 0 - 1256, 2760) epz=Point(1256, 2760) d=0 taskParent=-1 mSkipAnimation=false mhasLetterbox=false taskId= 0 offScreenBounds=Rect(0, 0 - 0, 0) hnFlags=0},
                                                                                                            {WCT{RemoteToken{9695565 Task{70e66e0 #1339 type=home}}} m=TO_BACK f=SHOW_WALLPAPER leash=Surface(name=Task=1339)/@0x7ef2ac4 sb=Rect(0, 0 - 1256, 2760) eb=Rect(0, 0 - 1256, 2760) epz=Point(1256, 2760) d=0 taskParent=-1 mSkipAnimation=false mhasLetterbox=false taskId= 0 offScreenBounds=Rect(0, 0 - 0, 0) hnFlags=0}
                                                                                                        ]}
2026-06-16 19:27:00.355  4680-4680  CarrierSvcBindHelper    com.android.phone                    D  onHandleForceStop: [com.exammaster]
2026-06-16 19:27:00.357 19756-19756 com.exammaster          com.exammaster                       I  Using CollectorTypeCC GC.
2026-06-16 19:27:00.358  2192-2192  SurfaceFlinger          surfaceflinger                       I  sfdebug [Splash Screen com.exammaster#70117] apply visible 1 transactionId 14486925113908
---------------------------- PROCESS STARTED (19756) for package com.exammaster ----------------------------
2026-06-16 19:27:00.358 19756-19756 com.exammaster          com.exammaster                       I  Reinit property: dalvik.vm.checkjni= false
2026-06-16 19:27:00.358 19756-19756 com.exammaster          com.exammaster                       I  ReInitProperties: persist.vm.debug.dumpapi= false
2026-06-16 19:27:00.359  2192-2404  SurfaceFlinger          surfaceflinger                       I  createLayer layername: 958407d ActivityRecordInputSink com.exammaster/.MainActivity address = 0xb4000073883eca80
2026-06-16 19:27:00.361 19756-19756 nativeloader            com.exammaster                       D  Load libframework-connectivity-tiramisu-jni.so using APEX ns com_android_tethering for caller /apex/com.android.tethering/javalib/framework-connectivity-t.jar: ok
2026-06-16 19:27:00.361 19756-19765 com.exammaster          com.exammaster                       I  Is commercial user: 1
2026-06-16 19:27:00.362 19756-19756 libc                    com.exammaster                       W  Access denied finding property "ro.debuggable"
2026-06-16 19:27:00.359 19756-19756 com.exammaster          com.exammaster                       W  type=1400 audit(0.0:403721): avc:  denied  { read } for  name="u:object_r:userdebug_or_eng_prop:s0" dev="tmpfs" ino=674 scontext=u:r:untrusted_app:s0:c79,c257,c512,c768 tcontext=u:object_r:userdebug_or_eng_prop:s0 tclass=file permissive=0 app=vendor.qti.iwlan
2026-06-16 19:27:00.362 19756-19756 [VipSchedProxy:]        com.exammaster                       E  Vip Success open /proc/vip/ioctl
2026-06-16 19:27:00.363 19756-19756 HwActivityThreadImpl    com.exammaster                       I  initHwArgs begin, args = [], length = 0
2026-06-16 19:27:00.363 19756-19756 ActivityThread          com.exammaster                       I  initHwArgs result ok for mw or virtual
2026-06-16 19:27:00.364 19756-19756 ActivityThread          com.exammaster                       D  Attach thread to application
2026-06-16 19:27:00.364  3373-3401  OomAdjuster             system_server                        I  setRtgThreadToIAware:com.exammaster,uid=10335,pid=19756,renderTid=0
2026-06-16 19:27:00.365  3373-3401  HWMW_OrientationPolicy  system_server                        W  checkMagicOrientation return, ar: ActivityRecord{265344724 u0 com.exammaster/.MainActivity t1463}, container: null
2026-06-16 19:27:00.365  3373-3401  HWMW_OrientationPolicy  system_server                        W  checkMagicOrientation return, ar: ActivityRecord{265344724 u0 com.exammaster/.MainActivity t1463}, container: null
2026-06-16 19:27:00.366  3373-3401  HwActivity...rServiceEx system_server                        I  backwardTaskTakeover from:ActivityRecord{174978205 u0 com.hihonor.android.launcher/.unihome.UniHomeLauncher t1340}, to:ActivityRecord{265344724 u0 com.exammaster/.MainActivity t1463}
2026-06-16 19:27:00.366  3373-3401  HwActivity...rServiceEx system_server                        I  backwardTaskTakeover from task:Task{5ba3d99 #1340 type=home A=10120:com.hihonor.android.launcher}, to task:Task{8f3bbc3 #1463 type=standard A=10335:com.exammaster}
2026-06-16 19:27:00.366  3373-3401  HwActivity...rServiceEx system_server                        W  appSwitch from: com.hihonor.android.launcher to: com.exammaster
2026-06-16 19:27:00.366  3373-3459  UsageStatsService       system_server                        I  reportEvent : component= ComponentInfo{com.exammaster/com.exammaster.MainActivity} eventType= 1
2026-06-16 19:27:00.367 19756-19768 nativeloader            com.exammaster                       D  Load libioperf_jni.so using system ns (caller=/system/framework/framework-magic.jar!classes2.dex): ok
2026-06-16 19:27:00.367 19756-19768 com.exammaster          com.exammaster                       D  do pte preread content storePath /data/system/iaware/fmps/com.exammaster/com.exammaster
2026-06-16 19:27:00.367 30112-30676 GCORE_UGMM              com.hihonor.id:core                  I  open pkg: com.exammaster, true
2026-06-16 19:27:00.367 30112-30676 GCORE_UGMM              com.hihonor.id:core                  I  Not game: com.exammaster, ignore
2026-06-16 19:27:00.367  4550-5741  Booster_AwareMonitor    com.hihonor.systemserver             I  [handleNonTopAppToForeground] uid:10335 pkgName:com.exammaster uidState:2
2026-06-16 19:27:00.368  4550-24616 Hypercomm_AwareMonitor  com.hihonor.systemserver             I  [handleAppToForeground] pkgName: com.exammaster, uid: 10335, isForeground: true
2026-06-16 19:27:00.368  4550-4893  Booster_OllieObserver   com.hihonor.systemserver             I  notify registrants event: EVENT_ACTIVITY_STATE_CHANGED, new ActivityInfo: uid = 10335, packageName = com.exammaster, activity = com.exammaster, procState = 2
2026-06-16 19:27:00.368  2569-2961  ITouchService           AGPService                           D  itouch currentPackageName = com.exammaster
2026-06-16 19:27:00.368 21611-21766 AWARENESS_AmsRegister   com.hihonor.awareness                W  app switch from com.hihonor.android.launcher to com.exammaster,taskId:1463,label:,callingPackage:com.android.shell,launchMode:-1,uid:0
2026-06-16 19:27:00.368  2580-4863  dubaid                  dubaid                               I  [DisplayHandler.cpp] OnAppFocusChangedMessage# App focus switch from com.hihonor.android.launcher to com.exammaster
2026-06-16 19:27:00.368 21611-21766 AWARENESS_...yGCAbility com.hihonor.awareness                I  timeTask is cancel: com.exammaster
2026-06-16 19:27:00.368 21611-22085 AWARENESS_...ageSources com.hihonor.awareness                D    To Package: com.exammaster
2026-06-16 19:27:00.368 21611-22085 AWARENESS_...ionAbility com.hihonor.awareness                D  currentPage: com.exammaster/com.exammaster.MainActivity
2026-06-16 19:27:00.368  3373-6409  SWAP_AppScore           system_server                        I  setScoreAndRatioForeground::app is score 0 , skip! pkgName:com.exammaster
2026-06-16 19:27:00.368 30112-25721 AdAttr-AppNotifier      com.hihonor.id:core                  I  [v1.0.19.300]app call getDelayReportTime:1500 fromPackage=com.hihonor.android.launcher  toPackage=com.exammaster
2026-06-16 19:27:00.368 21611-22085 AWARENESS_...ectAbility com.hihonor.awareness                I  activity enter : ComponentInfo{com.exammaster/com.exammaster.MainActivity}
2026-06-16 19:27:00.368  4550-4908  Booster_AwareMonitor    com.hihonor.systemserver             I  handleAppSwitch,pid:19756,uid:10335,com.exammaster.MainActivity
2026-06-16 19:27:00.368 21611-21713 AWARENESS_PCIAbility    com.hihonor.awareness                I  handleAppLifeInfo, awarenessVersion:10.0.0.911 newActivity:com.exammaster.MainActivity
2026-06-16 19:27:00.368 21611-5582  AWARENESS_TimedAppFence com.hihonor.awareness                D  enter : com.exammaster to replace : com.exammaster
2026-06-16 19:27:00.368  4597-4899  ScenarioService         com.hihonor.iaware                   D  front pkg : com.exammaster launcher: false
2026-06-16 19:27:00.368  2569-2961  ITouchService           AGPService                           D  itouch:app com.exammaster is  not game app
2026-06-16 19:27:00.368  2569-2961  ITouchService           AGPService                           D  itouch:app com.exammaster is  not in StylusPenList
2026-06-16 19:27:00.368  4597-4899  ScenarioService         com.hihonor.iaware                   D  new above launcher front pkgs: [com.exammaster]
2026-06-16 19:27:00.368 30112-19012 AppSwitchMonitor        com.hihonor.id:core                  I  isMagic9orHigher = true,callingPackage = com.hihonor.android.launcher   toPackage = com.exammaster
2026-06-16 19:27:00.368  4597-4899  AppsUsage               com.hihonor.iaware                   I  scnOff:false fgAPP:com.exammaster
2026-06-16 19:27:00.369  4597-5292  CpuGovernor             com.hihonor.iaware                   D  handleAction: action id=208 time=1781609220368 Flag=3 name=default_front pkg=com.exammaster
2026-06-16 19:27:00.369  3373-4073  SWAP_SCENE              system_server                        I  Entering notifySceneData. EventType: APP_SWITCH_TO app: com.exammaster uid: 10335
2026-06-16 19:27:00.367 19756-19756 re-initialized>         com.exammaster                       W  type=1400 audit(0.0:403722): avc:  granted  { execute } for  path="/data/data/com.exammaster/code_cache/startup_agents/c52d6b25-agent.so" dev="dm-71" ino=947123 scontext=u:r:untrusted_app:s0:c79,c257,c512,c768 tcontext=u:object_r:app_data_file:s0:c79,c257,c512,c768 tclass=file app=vendor.qti.iwlan
2026-06-16 19:27:00.369 21611-21766 AWARENESS_...AppAbility com.hihonor.awareness                I  call:com.android.shell to:com.exammaster Mode:-1 uid :0
2026-06-16 19:27:00.369  3373-3472  HwAudioService          system_server                        I  now type = 28,reportForegroundAppType = -1,pkg = com.exammaster,VOIP_OPTIMIZE_IN_GAMEMODE = false
2026-06-16 19:27:00.369 19756-19756 nativeloader            com.exammaster                       D  Load /data/user/0/com.exammaster/code_cache/startup_agents/c52d6b25-agent.so using system ns (caller=<unknown>): ok
2026-06-16 19:27:00.369 21611-21766 AWARENESS_...AppAbility com.hihonor.awareness                D  insert:-1,list:[App{item='com.android.settings0',oT=1781608658,aT=5}, App{item='com.hihonor.appmarket0',oT=1781608620,aT=5}, App{item='com.deepseek.chat0',oT=1781608322,aT=5}, App{item='com.tencent.mobileqq0',oT=1781608251,aT=3}, App{item='tv.danmaku.bili0',oT=1781606943,aT=5}, App{item='com.sankuai.meituan0',oT=1781606455,aT=5}],hyper:[App{item='com.hihonor.android.launcher0',oT=1781609214,aT=6}, App{item='com.exammaster0',oT=1781609206,aT=8}, App{item='com.android.packageinstaller0',oT=1781608713,aT=8}, App{item='com.hihonor.android.honorsuite0',oT=1781608684,aT=5}, App{item='com.android.systemui0',oT=1781608671,aT=5}, App{item='com.android.settings0',oT=1781608658,aT=5}]
2026-06-16 19:27:00.369 21611-21766 AWARENESS_...perAbility com.hihonor.awareness                I  app exit toApp: com.exammaster
2026-06-16 19:27:00.370  3373-6409  SWAP_SCENE              system_server                        I  swapIn: com.exammaster, 10335
2026-06-16 19:27:00.370  4597-5292  RxFallbackCtrl          com.hihonor.iaware                   I  handleAppFgchanged, type is : -1 pkg is : com.exammaster policy is: 0
2026-06-16 19:27:00.370  4597-5292  MediaNetCtrl            com.hihonor.iaware                   D  handleAppFgchanged, pkg is: com.exammaster policy is: 0
2026-06-16 19:27:00.370  4597-5292  DualChannelCtrl         com.hihonor.iaware                   D  handleAppFgchanged, type is : -1 pkg is : com.exammaster
2026-06-16 19:27:00.370  4597-5292  EECSManager             com.hihonor.iaware                   D  handle fg app change: com.exammaster
2026-06-16 19:27:00.370  3373-6409  SWAP_AppScore           system_server                        I  setScoreAndRatioForeground::app is score 0 , skip! pkgName:com.exammaster
2026-06-16 19:27:00.370 30112-19012 AutoStartService_TAG    com.hihonor.id:core                  D  AutoStartService onStartCommand toPackage = com.exammaster
2026-06-16 19:27:00.370  4597-5292  AppManager              com.hihonor.iaware                   I  getPids pkg=com.exammaster pids=[19756]
2026-06-16 19:27:00.371  4597-5292  AppManager              com.hihonor.iaware                   I  put pid: 19756 procName: com.exammaster to cached map
2026-06-16 19:27:00.371  4597-5292  EECSManager             com.hihonor.iaware                   D  get policy: 0, pkg: com.exammaster
2026-06-16 19:27:00.371 21611-5582  AWARENESS_...ectAbility com.hihonor.awareness                D  pkg: com.exammaster activity: com.exammaster.MainActivity label: 
2026-06-16 19:27:00.371  4597-5292  EECSManager             com.hihonor.iaware                   I  set N Pid: 19756. name: com.exammaster
2026-06-16 19:27:00.371  4597-5292  PG_ash                  com.hihonor.iaware                   I  front pkg : com.exammaster
2026-06-16 19:27:00.372  4597-5292  AshManager              com.hihonor.iaware                   I  appSwitch to com.exammaster
2026-06-16 19:27:00.372 19756-19756 com.exammaster          com.exammaster                       W  hiddenapi: DexFile /data/data/com.exammaster/code_cache/.studio/instruments-9dbd448e.jar is in boot class path but is not in a known location
2026-06-16 19:27:00.372  4597-5972  PGServer                com.hihonor.iaware                   I  report state:10000 event type:1 pid:0 uid:0 pkg:com.exammaster to pid: 3373
2026-06-16 19:27:00.372  4597-5972  PGServer                com.hihonor.iaware                   I  report state:10000 event type:1 pid:0 uid:0 pkg:com.exammaster to pid: 4550
2026-06-16 19:27:00.372  4597-5972  PGServer                com.hihonor.iaware                   I  report state:10000 event type:1 pid:0 uid:0 pkg:com.exammaster to pid: 4597
2026-06-16 19:27:00.373  4550-4893  DailyExpInfoManager     com.hihonor.systemserver             D  onActivityStateChanged, proc activity info : uid = 10335, packageName = com.exammaster, activity = com.exammaster, procState = 2
2026-06-16 19:27:00.373  4550-4893  WifiExpInfoManager      com.hihonor.systemserver             D  on activity state changed, activity info : uid = 10335, packageName = com.exammaster, activity = com.exammaster, procState = 2
2026-06-16 19:27:00.373  4550-4893  RouteInfoReporter       com.hihonor.systemserver             D  onActivityStateChanged, proc activity info : uid = 10335, packageName = com.exammaster, activity = com.exammaster, procState = 2
2026-06-16 19:27:00.373  3373-7221  DE J DES                system_server                        I  [effect] Pg pkg:com.exammaster
2026-06-16 19:27:00.373  4550-4893  Booster_OllieObserver   com.hihonor.systemserver             I  notify registrants event: EVENT_ACTIVITY_STATE_CHANGED, new ActivityInfo: uid = 10335, packageName = com.exammaster, activity = com.exammaster.MainActivity, procState = 2
2026-06-16 19:27:00.373  4550-4893  DailyExpInfoManager     com.hihonor.systemserver             D  onActivityStateChanged, proc activity info : uid = 10335, packageName = com.exammaster, activity = com.exammaster.MainActivity, procState = 2
2026-06-16 19:27:00.373  4550-4893  WifiExpInfoManager      com.hihonor.systemserver             D  on activity state changed, activity info : uid = 10335, packageName = com.exammaster, activity = com.exammaster.MainActivity, procState = 2
2026-06-16 19:27:00.373  4550-4893  RouteInfoReporter       com.hihonor.systemserver             D  onActivityStateChanged, proc activity info : uid = 10335, packageName = com.exammaster, activity = com.exammaster.MainActivity, procState = 2
2026-06-16 19:27:00.373  4550-4891  UidCloseNrStateMachine  com.hihonor.systemserver             I  enter uidStateChanged, ForeGrountApp=com.exammaster, mIsCallOn=false, mIsUsbPlugged=true, openLowPowerSwitch=true, QoeSlowState=false, powerMode=1, isSpeedSensitivityApp=false
2026-06-16 19:27:00.373  4550-4895  NetworkQoeChr           com.hihonor.systemserver             I  checkForegroundApp timer end com.exammaster
2026-06-16 19:27:00.373  4550-4895  KitQoeManager           com.hihonor.systemserver             D  com.exammaster, mForeActivityName com.exammaster
2026-06-16 19:27:00.373  4550-4895  NetworkQoeSample        com.hihonor.systemserver             D  onActivityInfoChanged info 10335 com.exammaster .exammaster.MainActivity 0
2026-06-16 19:27:00.374  4550-4895  SmartDualCardConfig     com.hihonor.systemserver             D  getAppType from AwareService, pkgName: com.exammaster,appType: -1
2026-06-16 19:27:00.374  4550-4895  NetworkQoeChr           com.hihonor.systemserver             I  checkForegroundApp timer end com.exammaster
2026-06-16 19:27:00.374  4550-4895  KitQoeManager           com.hihonor.systemserver             D  com.exammaster, mForeActivityName com.exammaster.MainActivity
2026-06-16 19:27:00.374  4550-4895  SmartDualCardConfig     com.hihonor.systemserver             D  getAppType from AwareService, pkgName: com.exammaster,appType: -1
2026-06-16 19:27:00.374  4550-4895  Linkturbo_...BaseSystem com.hihonor.systemserver             D  checkMpInfoValid. multipathPolicy is null for: com.exammaster
2026-06-16 19:27:00.374  4550-4895  Linkturbo_...BaseSystem com.hihonor.systemserver             D  checkMpInfoValid. multipathPolicy is null for: com.exammaster
2026-06-16 19:27:00.374  4550-4895  Linkturbo_XEngineProc   com.hihonor.systemserver             I  handleForegroundAppChanged pkgName = com.exammaster
2026-06-16 19:27:00.374  4550-4895  Linkturbo_...onHandover com.hihonor.systemserver             I  handleForegroundAppChanged curPkgName: com.exammaster, lastPkgName:com.hihonor.android.launcher, curUid: 10335, lastPkgUid: 10120
2026-06-16 19:27:00.375  2192-2192  VariableRe...ateHandler surfaceflinger                       I  setCurrentSignals: layerName Splash Screen com.exammaster#70117, type ExplicitCategory, desiredRefreshRate 0.00
2026-06-16 19:27:00.375  2192-2192  CompositionEngine       surfaceflinger                       I  [isClientCompositionForced] Rounded Corners layer [Splash Screen com.exammaster#70117] client compose
2026-06-16 19:27:00.375 19756-19760 com.exammaster          com.exammaster                       W  Missing inline cache for void java.util.logging.Logger.doSetParent(java.util.logging.Logger)
2026-06-16 19:27:00.376 19756-19760 com.exammaster          com.exammaster                       W  Missing inline cache for void java.util.logging.Logger.updateEffectiveLevel()
2026-06-16 19:27:00.376 19756-19760 com.exammaster          com.exammaster                       W  Missing inline cache for java.util.logging.Logger java.util.logging.LogManager$LoggerContext.findLogger(java.lang.String)
2026-06-16 19:27:00.376  4536-4536  Foreground...ssListener com.android.systemui                 D  ForegroundProgressChanged map = {com.hihonor.android.launcher={0=[20405]}, com.exammaster={0=[19756]}} pkg = com.exammaster pid = 19756 isForeground = true
2026-06-16 19:27:00.376  4536-4536  ForegroundObserver      com.android.systemui                 W   onForegroundProgress change packageName:[com.exammaster] isForeground:true isAppSwitch:false
2026-06-16 19:27:00.376  4536-4536  CapsuleClu...Controller com.android.systemui                 I  mUserIdVisiblePackageNamesMap = {0=[com.exammaster]}
2026-06-16 19:27:00.376  2192-2414  RenderEngine            surfaceflinger                       D  [Splash Screen com.exammaster#70117] set isRequiresLinearEffect false when dimming ratio equals 1.
2026-06-16 19:27:00.378  4550-4895  MpHttp                  com.hihonor.systemserver             I  handleForegroundActivityChanged : com.exammaster, foreground app: com.exammaster
2026-06-16 19:27:00.378  4550-4895  SmartDualCardConfig     com.hihonor.systemserver             D  getAppType from AwareService, pkgName: com.exammaster,appType: -1
2026-06-16 19:27:00.378  4550-4895  SmartDualCardConfig     com.hihonor.systemserver             D  getAppType from AwareService, pkgName: com.exammaster,appType: -1
2026-06-16 19:27:00.378  4550-4895  SmartDualCardSM         com.hihonor.systemserver             I  onUidStateUpdate,uid=10335,appName=com.exammaster,state=FOREGROUND
2026-06-16 19:27:00.379  4550-4895  MpHttp                  com.hihonor.systemserver             I  handleForegroundActivityChanged : com.exammaster.MainActivity, foreground app: com.exammaster
2026-06-16 19:27:00.379  4550-4895  SmartDualCardConfig     com.hihonor.systemserver             D  getAppType from AwareService, pkgName: com.exammaster,appType: -1
2026-06-16 19:27:00.379  4550-4895  SmartDualCardConfig     com.hihonor.systemserver             D  getAppType from AwareService, pkgName: com.exammaster,appType: -1
2026-06-16 19:27:00.379  4550-4895  SmartDualCardSM         com.hihonor.systemserver             I  onUidStateUpdate,uid=10335,appName=com.exammaster,state=FOREGROUND
2026-06-16 19:27:00.382  4550-4895  UserSceneController     com.hihonor.systemserver             I  current priorityList is : uid:10335 sceneId:512 pkgName:com.exammaster priority:3.5 | 
2026-06-16 19:27:00.382  4550-4895  UserSceneController     com.hihonor.systemserver             D  current sceneMap size = 1 as : {Pair{10335 512}=packageName: com.exammaster, uid: 10335, scene: 512, subScene: 1, bindActivity: com.exammaster.MainActivity, confidenceLevel: 0, windowState: 1, activityInfo: uid = 10335, packageName = com.exammaster, activity = com.exammaster.MainActivity, procState = 2, priority: 10.0, keySocket: [], ServerIp: [], pid: -1, socketFd: []}
2026-06-16 19:27:00.385  4550-4895  NetworkQoe              com.hihonor.systemserver             I  appChanged: mCurDetectAppUid = 10335, mCurDetectPkgName:com.exammaster
2026-06-16 19:27:00.385  4550-4895  NetworkQoeSample        com.hihonor.systemserver             D  onActivityInfoChanged info 10335 com.exammaster .exammaster.MainActivity 512
2026-06-16 19:27:00.385  4550-4895  UserSceneC...eDistStats com.hihonor.systemserver             I  startRecord SceneUsageStatsInfo{sceneId=512, pkgName='com.exammaster', useDuration=474, qoeBadDuration=0}
2026-06-16 19:27:00.386  4550-4895  FiQoeManager            com.hihonor.systemserver             I  startFi. pkgName: com.exammaster, sourceMask: 8
2026-06-16 19:27:00.386  4550-4895  FiQoeManager            com.hihonor.systemserver             I  startFi interrupt. mFiConfigInfoMap doesn't contain pkgName: com.exammaster
2026-06-16 19:27:00.392  2192-2414  RenderEngine            surfaceflinger                       D  [Splash Screen com.exammaster#70117] set isRequiresLinearEffect false when dimming ratio equals 1.
2026-06-16 19:27:00.405 19756-19760 com.exammaster          com.exammaster                       W  Missing inline cache for void android.app.ActivityThread$H.handleMessage(android.os.Message)
2026-06-16 19:27:00.405 19756-19760 com.exammaster          com.exammaster                       W  Missing inline cache for void android.app.ActivityThread$H.handleMessage(android.os.Message)
2026-06-16 19:27:00.405 19756-19760 com.exammaster          com.exammaster                       W  Missing inline cache for void android.app.ActivityThread$H.handleMessage(android.os.Message)
2026-06-16 19:27:00.406 19756-19760 com.exammaster          com.exammaster                       W  Missing inline cache for byte[] com.android.icu.charset.CharsetEncoderICU.makeReplacement(java.lang.String, long)
2026-06-16 19:27:00.408  2192-2192  VariableRe...ateHandler surfaceflinger                       I  setCurrentSignals: layerName Splash Screen com.exammaster#70117, type ExplicitCategory, desiredRefreshRate 0.00
2026-06-16 19:27:00.408  2192-2414  RenderEngine            surfaceflinger                       D  [Splash Screen com.exammaster#70117] set isRequiresLinearEffect false when dimming ratio equals 1.
2026-06-16 19:27:00.416  2192-2414  RenderEngine            surfaceflinger                       D  [Splash Screen com.exammaster#70117] set isRequiresLinearEffect false when dimming ratio equals 1.
